// Vitest Snapshot v1, https://vitest.dev/guide/snapshot.html

exports[`AboutPage > should render correctly 1`] = `
<div>
  <div>
    <section
      class="relative w-full min-h-[317px] bd-md:min-h-[366px]"
    >
      <nav
        aria-label="Main"
        class="z-50 w-full absolute top-0 inset-x-0 bg-transparent border-b border-on-dark/15"
      >
        <div
          class="section-base"
        >
          <div
            class="w-full flex justify-between items-center min-h-(--nav-height-mobile) lg:min-h-(--nav-height-desktop)"
          >
            <div
              class="flex items-center gap-1.5"
            >
              <div
                class="xl:hidden"
              >
                <button
                  aria-controls="mobile-nav-drawer"
                  aria-expanded="false"
                  aria-label="Open menu"
                  class="relative flex size-8 shrink-0 cursor-pointer items-center justify-center rounded-surface hover:bg-tint on-dark:text-on-dark on-dark:hover:bg-surface-on-dark-subtle focus-visible:outline-2 focus-visible:-outline-offset-2 focus-visible:outline-focus on-dark:focus-visible:outline-focus-on-dark disabled:pointer-events-none disabled:opacity-40 before:absolute before:-inset-1.5"
                  data-on-dark="true"
                  type="button"
                >
                  <svg
                    aria-hidden="true"
                    class="size-4"
                    fill="currentColor"
                    height="1em"
                    stroke="currentColor"
                    stroke-width="0"
                    viewBox="0 0 448 512"
                    width="1em"
                    xmlns="http://www.w3.org/2000/svg"
                  >
                    <path
                      d="M0 96C0 78.3 14.3 64 32 64l384 0c17.7 0 32 14.3 32 32s-14.3 32-32 32L32 128C14.3 128 0 113.7 0 96zM0 256c0-17.7 14.3-32 32-32l384 0c17.7 0 32 14.3 32 32s-14.3 32-32 32L32 288c-17.7 0-32-14.3-32-32zM448 416c0 17.7-14.3 32-32 32L32 448c-17.7 0-32-14.3-32-32s14.3-32 32-32l384 0c17.7 0 32 14.3 32 32z"
                    />
                  </svg>
                </button>
                <div
                  class="absolute top-full inset-x-0 w-full px-spacing-x transition-all duration-300 ease-in-out motion-reduce:transition-none bg-canvas max-h-0 opacity-0 pb-0 pointer-events-none overflow-hidden"
                  id="mobile-nav-drawer"
                >
                  <div
                    class="flex flex-col grow font-medium pb-8 xl:hidden"
                  >
                    <div
                      class="flex flex-col"
                    >
                      <div>
                        <button
                          aria-controls="courses-dropdown-mobile"
                          aria-expanded="false"
                          class="flex items-center cursor-pointer no-underline text-size-sm font-medium leading-relaxed align-middle text-primary hover:text-primary flex min-h-11 w-full items-center aria-[current=page]:font-semibold aria-[current=page]:text-accent justify-between"
                          type="button"
                        >
                          Courses
                          <svg
                            aria-hidden="true"
                            class="size-3 shrink-0 transition-transform duration-300 ease-in-out motion-reduce:transition-none"
                            fill="currentColor"
                            height="1em"
                            stroke="currentColor"
                            stroke-width="0"
                            viewBox="0 0 512 512"
                            width="1em"
                            xmlns="http://www.w3.org/2000/svg"
                          >
                            <path
                              d="M233.4 406.6c12.5 12.5 32.8 12.5 45.3 0l192-192c12.5-12.5 12.5-32.8 0-45.3s-32.8-12.5-45.3 0L256 338.7 86.6 169.4c-12.5-12.5-32.8-12.5-45.3 0s-12.5 32.8 0 45.3l192 192z"
                            />
                          </svg>
                        </button>
                        <div
                          class="pl-4 hidden"
                          id="courses-dropdown-mobile"
                        >
                          <div
                            class="flex flex-col text-pretty w-full"
                          >
                            <a
                              class="bluedot-a not-prose no-underline text-size-sm font-medium leading-relaxed align-middle flex min-h-11 w-full items-center aria-[current=page]:font-semibold aria-[current=page]:text-accent text-primary hover:text-primary"
                              href="/courses/future-of-ai"
                              tabindex="0"
                            >
                              Future of AI
                              <span
                                class="tag inline-flex items-center px-4 py-2 text-xs font-semibold w-fit !text-bluedot-normal bg-[#E5EDFE] rounded-sm uppercase ml-2 !p-1"
                                role="status"
                              >
                                Start Here
                              </span>
                            </a>
                            <a
                              class="bluedot-a not-prose no-underline text-size-sm font-medium leading-relaxed align-middle flex min-h-11 w-full items-center aria-[current=page]:font-semibold aria-[current=page]:text-accent text-link hover:text-link"
                              href="/courses"
                              tabindex="0"
                            >
                              See all courses
                              <span
                                aria-hidden="true"
                              >
                                 →
                              </span>
                            </a>
                          </div>
                        </div>
                      </div>
                      <div>
                        <button
                          aria-controls="grants-dropdown-mobile"
                          aria-expanded="false"
                          class="flex items-center cursor-pointer no-underline text-size-sm font-medium leading-relaxed align-middle text-primary hover:text-primary flex min-h-11 w-full items-center aria-[current=page]:font-semibold aria-[current=page]:text-accent justify-between"
                          type="button"
                        >
                          Grants
                          <svg
                            aria-hidden="true"
                            class="size-3 shrink-0 transition-transform duration-300 ease-in-out motion-reduce:transition-none"
                            fill="currentColor"
                            height="1em"
                            stroke="currentColor"
                            stroke-width="0"
                            viewBox="0 0 512 512"
                            width="1em"
                            xmlns="http://www.w3.org/2000/svg"
                          >
                            <path
                              d="M233.4 406.6c12.5 12.5 32.8 12.5 45.3 0l192-192c12.5-12.5 12.5-32.8 0-45.3s-32.8-12.5-45.3 0L256 338.7 86.6 169.4c-12.5-12.5-32.8-12.5-45.3 0s-12.5 32.8 0 45.3l192 192z"
                            />
                          </svg>
                        </button>
                        <div
                          class="pl-4 hidden"
                          id="grants-dropdown-mobile"
                        >
                          <div
                            class="flex flex-col text-pretty w-full"
                          >
                            <a
                              class="bluedot-a not-prose no-underline text-size-sm font-medium leading-relaxed align-middle flex min-h-11 w-full items-center aria-[current=page]:font-semibold aria-[current=page]:text-accent text-primary hover:text-primary"
                              href="/grants/rapid"
                              tabindex="0"
                            >
                              Rapid Grants
                            </a>
                            <a
                              class="bluedot-a not-prose no-underline text-size-sm font-medium leading-relaxed align-middle flex min-h-11 w-full items-center aria-[current=page]:font-semibold aria-[current=page]:text-accent text-primary hover:text-primary"
                              href="/grants/career-transition"
                              tabindex="0"
                            >
                              Career Transition Grants
                            </a>
                            <a
                              class="bluedot-a not-prose no-underline text-size-sm font-medium leading-relaxed align-middle flex min-h-11 w-full items-center aria-[current=page]:font-semibold aria-[current=page]:text-accent text-link hover:text-link"
                              href="/grants"
                              tabindex="0"
                            >
                              See all grants
                              <span
                                aria-hidden="true"
                              >
                                 →
                              </span>
                            </a>
                          </div>
                        </div>
                      </div>
                      <div>
                        <button
                          aria-controls="programs-dropdown-mobile"
                          aria-expanded="false"
                          class="flex items-center cursor-pointer no-underline text-size-sm font-medium leading-relaxed align-middle text-primary hover:text-primary flex min-h-11 w-full items-center aria-[current=page]:font-semibold aria-[current=page]:text-accent justify-between"
                          type="button"
                        >
                          Programs
                          <svg
                            aria-hidden="true"
                            class="size-3 shrink-0 transition-transform duration-300 ease-in-out motion-reduce:transition-none"
                            fill="currentColor"
                            height="1em"
                            stroke="currentColor"
                            stroke-width="0"
                            viewBox="0 0 512 512"
                            width="1em"
                            xmlns="http://www.w3.org/2000/svg"
                          >
                            <path
                              d="M233.4 406.6c12.5 12.5 32.8 12.5 45.3 0l192-192c12.5-12.5 12.5-32.8 0-45.3s-32.8-12.5-45.3 0L256 338.7 86.6 169.4c-12.5-12.5-32.8-12.5-45.3 0s-12.5 32.8 0 45.3l192 192z"
                            />
                          </svg>
                        </button>
                        <div
                          class="pl-4 hidden"
                          id="programs-dropdown-mobile"
                        >
                          <div
                            class="flex flex-col text-pretty w-full"
                          >
                            <a
                              class="bluedot-a not-prose no-underline text-size-sm font-medium leading-relaxed align-middle flex min-h-11 w-full items-center aria-[current=page]:font-semibold aria-[current=page]:text-accent text-primary hover:text-primary"
                              href="/programs/incubator-week"
                              tabindex="0"
                            >
                              Incubator Week
                            </a>
                            <a
                              class="bluedot-a not-prose no-underline text-size-sm font-medium leading-relaxed align-middle flex min-h-11 w-full items-center aria-[current=page]:font-semibold aria-[current=page]:text-accent text-primary hover:text-primary"
                              href="https://aisb.dev/"
                              rel="noopener noreferrer"
                              tabindex="0"
                              target="_blank"
                            >
                              AI Security Bootcamp
                            </a>
                            <a
                              class="bluedot-a not-prose no-underline text-size-sm font-medium leading-relaxed align-middle flex min-h-11 w-full items-center aria-[current=page]:font-semibold aria-[current=page]:text-accent text-link hover:text-link"
                              href="/programs?utm_source=website&utm_campaign=nav"
                              tabindex="0"
                            >
                              See all programs
                              <span
                                aria-hidden="true"
                              >
                                 →
                              </span>
                            </a>
                          </div>
                        </div>
                      </div>
                      <a
                        class="bluedot-a not-prose no-underline text-size-sm font-medium leading-relaxed align-middle text-primary hover:text-primary flex min-h-11 w-full items-center aria-[current=page]:font-semibold aria-[current=page]:text-accent"
                        href="/alumni"
                        tabindex="0"
                      >
                        Alumni
                      </a>
                      <a
                        aria-current="page"
                        class="bluedot-a not-prose no-underline text-size-sm font-medium leading-relaxed align-middle text-primary hover:text-primary flex min-h-11 w-full items-center aria-[current=page]:font-semibold aria-[current=page]:text-accent"
                        href="/about"
                        tabindex="0"
                      >
                        About
                      </a>
                      <a
                        class="bluedot-a not-prose no-underline text-size-sm font-medium leading-relaxed align-middle text-primary hover:text-primary flex min-h-11 w-full items-center aria-[current=page]:font-semibold aria-[current=page]:text-accent"
                        href="/join-us"
                        tabindex="0"
                      >
                        Join us
                      </a>
                    </div>
                    <div
                      class="pt-6 mt-6 border-t border-subtle bd-md:hidden"
                    >
                      <a
                        class="not-prose flex cursor-pointer items-center justify-center gap-2 whitespace-nowrap rounded-surface text-size-xs font-semibold transition-all duration-200 focus-visible:outline-2 focus-visible:outline-offset-2 focus-visible:outline-focus on-dark:focus-visible:outline-focus-on-dark disabled:pointer-events-none disabled:opacity-50 aria-disabled:pointer-events-none aria-disabled:opacity-50 aria-busy:pointer-events-none aria-busy:opacity-50 h-11 px-4 bg-accent text-on-dark hover:bg-accent-hover on-dark:bg-accent-on-dark on-dark:text-bluedot-darker on-dark:hover:bg-accent-on-dark-hover w-full"
                        href="/login?register=true&redirect_to=%2Fabout"
                        tabindex="0"
                      >
                        Start for free
                      </a>
                    </div>
                  </div>
                </div>
              </div>
              <a
                class="bluedot-a not-prose shrink-0 no-underline"
                href="/"
                tabindex="0"
              >
                <img
                  alt="BlueDot Impact Logo"
                  class="h-5 bd-md:h-6"
                  src="/images/logo/BlueDot_Impact_Logo_White.svg"
                />
              </a>
            </div>
            <div
              class="flex items-center gap-12"
            >
              <div
                class="flex gap-9 hidden xl:flex"
              >
                <div>
                  <button
                    aria-controls="courses-dropdown"
                    aria-expanded="false"
                    class="flex items-center cursor-pointer no-underline text-size-sm font-medium leading-relaxed align-middle text-on-dark hover:text-on-dark nav-link-animation-dark nav-link-animation w-fit gap-2"
                    type="button"
                  >
                    Courses
                    <svg
                      aria-hidden="true"
                      class="size-3 shrink-0 transition-transform duration-300 ease-in-out motion-reduce:transition-none"
                      fill="currentColor"
                      height="1em"
                      stroke="currentColor"
                      stroke-width="0"
                      viewBox="0 0 512 512"
                      width="1em"
                      xmlns="http://www.w3.org/2000/svg"
                    >
                      <path
                        d="M233.4 406.6c12.5 12.5 32.8 12.5 45.3 0l192-192c12.5-12.5 12.5-32.8 0-45.3s-32.8-12.5-45.3 0L256 338.7 86.6 169.4c-12.5-12.5-32.8-12.5-45.3 0s-12.5 32.8 0 45.3l192 192z"
                      />
                    </svg>
                  </button>
                  <div
                    class="absolute top-full inset-x-0 w-full px-spacing-x transition-all duration-300 ease-in-out motion-reduce:transition-none bg-canvas max-h-0 opacity-0 pb-0 pointer-events-none overflow-hidden"
                    id="courses-dropdown"
                  >
                    <div
                      class="flex flex-col text-pretty w-fit mx-auto"
                    >
                      <a
                        class="bluedot-a not-prose no-underline text-size-sm font-medium leading-relaxed align-middle nav-link-animation w-fit flex min-h-11 items-center text-primary hover:text-primary"
                        href="/courses/future-of-ai"
                        tabindex="0"
                      >
                        Future of AI
                        <span
                          class="tag inline-flex items-center px-4 py-2 text-xs font-semibold w-fit !text-bluedot-normal bg-[#E5EDFE] rounded-sm uppercase ml-2 !p-1"
                          role="status"
                        >
                          Start Here
                        </span>
                      </a>
                      <a
                        class="bluedot-a not-prose no-underline text-size-sm font-medium leading-relaxed align-middle nav-link-animation w-fit flex min-h-11 items-center text-link hover:text-link"
                        href="/courses"
                        tabindex="0"
                      >
                        See all courses
                        <span
                          aria-hidden="true"
                        >
                           →
                        </span>
                      </a>
                    </div>
                  </div>
                </div>
                <div>
                  <button
                    aria-controls="grants-dropdown"
                    aria-expanded="false"
                    class="flex items-center cursor-pointer no-underline text-size-sm font-medium leading-relaxed align-middle text-on-dark hover:text-on-dark nav-link-animation-dark nav-link-animation w-fit gap-2"
                    type="button"
                  >
                    Grants
                    <svg
                      aria-hidden="true"
                      class="size-3 shrink-0 transition-transform duration-300 ease-in-out motion-reduce:transition-none"
                      fill="currentColor"
                      height="1em"
                      stroke="currentColor"
                      stroke-width="0"
                      viewBox="0 0 512 512"
                      width="1em"
                      xmlns="http://www.w3.org/2000/svg"
                    >
                      <path
                        d="M233.4 406.6c12.5 12.5 32.8 12.5 45.3 0l192-192c12.5-12.5 12.5-32.8 0-45.3s-32.8-12.5-45.3 0L256 338.7 86.6 169.4c-12.5-12.5-32.8-12.5-45.3 0s-12.5 32.8 0 45.3l192 192z"
                      />
                    </svg>
                  </button>
                  <div
                    class="absolute top-full inset-x-0 w-full px-spacing-x transition-all duration-300 ease-in-out motion-reduce:transition-none bg-canvas max-h-0 opacity-0 pb-0 pointer-events-none overflow-hidden"
                    id="grants-dropdown"
                  >
                    <div
                      class="flex flex-col text-pretty w-fit mx-auto"
                    >
                      <a
                        class="bluedot-a not-prose no-underline text-size-sm font-medium leading-relaxed align-middle nav-link-animation w-fit flex min-h-11 items-center text-primary hover:text-primary"
                        href="/grants/rapid"
                        tabindex="0"
                      >
                        Rapid Grants
                      </a>
                      <a
                        class="bluedot-a not-prose no-underline text-size-sm font-medium leading-relaxed align-middle nav-link-animation w-fit flex min-h-11 items-center text-primary hover:text-primary"
                        href="/grants/career-transition"
                        tabindex="0"
                      >
                        Career Transition Grants
                      </a>
                      <a
                        class="bluedot-a not-prose no-underline text-size-sm font-medium leading-relaxed align-middle nav-link-animation w-fit flex min-h-11 items-center text-link hover:text-link"
                        href="/grants"
                        tabindex="0"
                      >
                        See all grants
                        <span
                          aria-hidden="true"
                        >
                           →
                        </span>
                      </a>
                    </div>
                  </div>
                </div>
                <div>
                  <button
                    aria-controls="programs-dropdown"
                    aria-expanded="false"
                    class="flex items-center cursor-pointer no-underline text-size-sm font-medium leading-relaxed align-middle text-on-dark hover:text-on-dark nav-link-animation-dark nav-link-animation w-fit gap-2"
                    type="button"
                  >
                    Programs
                    <svg
                      aria-hidden="true"
                      class="size-3 shrink-0 transition-transform duration-300 ease-in-out motion-reduce:transition-none"
                      fill="currentColor"
                      height="1em"
                      stroke="currentColor"
                      stroke-width="0"
                      viewBox="0 0 512 512"
                      width="1em"
                      xmlns="http://www.w3.org/2000/svg"
                    >
                      <path
                        d="M233.4 406.6c12.5 12.5 32.8 12.5 45.3 0l192-192c12.5-12.5 12.5-32.8 0-45.3s-32.8-12.5-45.3 0L256 338.7 86.6 169.4c-12.5-12.5-32.8-12.5-45.3 0s-12.5 32.8 0 45.3l192 192z"
                      />
                    </svg>
                  </button>
                  <div
                    class="absolute top-full inset-x-0 w-full px-spacing-x transition-all duration-300 ease-in-out motion-reduce:transition-none bg-canvas max-h-0 opacity-0 pb-0 pointer-events-none overflow-hidden"
                    id="programs-dropdown"
                  >
                    <div
                      class="flex flex-col text-pretty w-fit mx-auto"
                    >
                      <a
                        class="bluedot-a not-prose no-underline text-size-sm font-medium leading-relaxed align-middle nav-link-animation w-fit flex min-h-11 items-center text-primary hover:text-primary"
                        href="/programs/incubator-week"
                        tabindex="0"
                      >
                        Incubator Week
                      </a>
                      <a
                        class="bluedot-a not-prose no-underline text-size-sm font-medium leading-relaxed align-middle nav-link-animation w-fit flex min-h-11 items-center text-primary hover:text-primary"
                        href="https://aisb.dev/"
                        rel="noopener noreferrer"
                        tabindex="0"
                        target="_blank"
                      >
                        AI Security Bootcamp
                      </a>
                      <a
                        class="bluedot-a not-prose no-underline text-size-sm font-medium leading-relaxed align-middle nav-link-animation w-fit flex min-h-11 items-center text-link hover:text-link"
                        href="/programs?utm_source=website&utm_campaign=nav"
                        tabindex="0"
                      >
                        See all programs
                        <span
                          aria-hidden="true"
                        >
                           →
                        </span>
                      </a>
                    </div>
                  </div>
                </div>
                <a
                  class="bluedot-a not-prose no-underline text-size-sm font-medium leading-relaxed align-middle text-on-dark hover:text-on-dark nav-link-animation-dark nav-link-animation w-fit"
                  href="/alumni"
                  tabindex="0"
                >
                  Alumni
                </a>
                <a
                  aria-current="page"
                  class="bluedot-a not-prose no-underline text-size-sm font-medium leading-relaxed align-middle text-on-dark hover:text-on-dark nav-link-animation-dark nav-link-animation w-fit"
                  href="/about"
                  tabindex="0"
                >
                  About
                </a>
                <a
                  class="bluedot-a not-prose no-underline text-size-sm font-medium leading-relaxed align-middle text-on-dark hover:text-on-dark nav-link-animation-dark nav-link-animation w-fit"
                  href="/join-us"
                  tabindex="0"
                >
                  Join us
                </a>
              </div>
              <div
                class="flex flex-row items-center gap-4"
                data-on-dark="true"
              >
                <a
                  class="not-prose flex w-fit cursor-pointer items-center justify-center gap-2 whitespace-nowrap rounded-surface text-size-xs font-semibold transition-all duration-200 focus-visible:outline-2 focus-visible:outline-offset-2 focus-visible:outline-focus on-dark:focus-visible:outline-focus-on-dark disabled:pointer-events-none disabled:opacity-50 aria-disabled:pointer-events-none aria-disabled:opacity-50 aria-busy:pointer-events-none aria-busy:opacity-50 h-11 px-4 border border-accent text-accent hover:bg-accent-subtle on-dark:border-border-on-dark on-dark:bg-surface-on-dark on-dark:text-on-dark on-dark:backdrop-blur-sm on-dark:hover:bg-surface-on-dark-hover"
                  href="/login?redirect_to=%2Fabout"
                  tabindex="0"
                >
                  Sign in
                </a>
                <a
                  class="not-prose w-fit cursor-pointer items-center justify-center gap-2 whitespace-nowrap rounded-surface text-size-xs font-semibold transition-all duration-200 focus-visible:outline-2 focus-visible:outline-offset-2 focus-visible:outline-focus on-dark:focus-visible:outline-focus-on-dark disabled:pointer-events-none disabled:opacity-50 aria-disabled:pointer-events-none aria-disabled:opacity-50 aria-busy:pointer-events-none aria-busy:opacity-50 h-11 px-4 bg-accent text-on-dark hover:bg-accent-hover on-dark:bg-accent-on-dark on-dark:text-bluedot-darker on-dark:hover:bg-accent-on-dark-hover hidden bd-md:flex"
                  href="/login?register=true&redirect_to=%2Fabout"
                  tabindex="0"
                >
                  Start for free
                </a>
              </div>
            </div>
          </div>
        </div>
      </nav>
      <img
        alt=""
        class="absolute inset-0 size-full object-cover -scale-x-100"
        fetchpriority="high"
        src="/images/homepage/hero.webp"
      />
      <div
        class="relative z-10 flex flex-col justify-center h-full min-h-[317px] bd-md:min-h-[366px] pt-[calc(var(--nav-height-mobile)+2rem)] lg:pt-[calc(var(--nav-height-desktop)+2rem)] pb-8"
        data-on-dark="true"
      >
        <div
          class="section-base"
        >
          <div
            class="flex flex-col gap-6 max-w-[780px]"
          >
            <h1
              class="bluedot-h1 text-white text-size-2xl lg:text-size-3xl xl:text-size-4xl leading-tight font-normal tracking-tighter text-left"
            >
              About us
            </h1>
            <p
              class="text-size-sm bd-md:text-size-md leading-relaxed text-white"
            >
              Building the workforce that protects humanity
            </p>
          </div>
        </div>
      </div>
    </section>
    <div
      class="bg-canvas border-subtle w-full border-b py-3"
    >
      <nav
        aria-label="Breadcrumbs"
        class="section-base"
      >
        <ol
          class="text-size-xs flex min-w-0 items-center gap-2 leading-normal font-medium"
        >
          <li
            class="flex min-w-0 items-center gap-2"
          >
            <a
              class="bluedot-a not-prose text-secondary hover:text-primary truncate no-underline"
              href="/"
              tabindex="0"
              title="Home"
            >
              Home
            </a>
            <svg
              aria-hidden="true"
              class="size-3 text-secondary shrink-0"
              fill="currentColor"
              height="1em"
              stroke="currentColor"
              stroke-width="0"
              viewBox="0 0 320 512"
              width="1em"
              xmlns="http://www.w3.org/2000/svg"
            >
              <path
                d="M310.6 233.4c12.5 12.5 12.5 32.8 0 45.3l-192 192c-12.5 12.5-32.8 12.5-45.3 0s-12.5-32.8 0-45.3L242.7 256 73.4 86.6c-12.5-12.5-12.5-32.8 0-45.3s32.8-12.5 45.3 0l192 192z"
              />
            </svg>
          </li>
          <li
            class="flex min-w-0 items-center gap-2"
          >
            <span
              aria-current="page"
              class="text-primary truncate"
              title="About us"
            >
              About us
            </span>
          </li>
        </ol>
      </nav>
    </div>
    <section
      class="intro-section section section-body"
    >
      <h3
        class="bluedot-h3 not-prose mb-6"
      >
        Who we are
      </h3>
      <div
        class="intro-section__text-container flex flex-col gap-5"
      >
        <p
          class="bluedot-p not-prose"
        >
          In 2021, a handful of us at Cambridge wanted to work on AI safety, but couldn't find where to start. Important ideas and arguments were scattered across the internet. There were no courses, no career paths, and few people to talk to. So we started running reading groups.
        </p>
        <p
          class="bluedot-p not-prose"
        >
          Those reading groups evolved into the BlueDot courses. We've trained over 10,000 people in AI safety, governance and biosecurity, and hundreds of our graduates now work at Anthropic, DeepMind, and UK AISI.
        </p>
        <p
          class="bluedot-p not-prose"
        >
          But training alone isn't enough. We give out grants to support career transitions, and we help exceptional people land impactful roles or start new organisations. Our goal isn't just to educate people, it's to get them working on the most important problems.
        </p>
        <p
          class="bluedot-p not-prose"
        >
          The gap between how fast AI is advancing and how fast the safety and security workforce is growing is the most dangerous mismatch of our time. Our team of 16 works from San Francisco, London, and remotely. We're working as fast as we can to close it.
        </p>
      </div>
    </section>
    <section
      class="beliefs-section section section-body"
    >
      <h3
        class="bluedot-h3 not-prose mb-6"
      >
        Core beliefs
      </h3>
      <div
        class="flex flex-col gap-6"
      >
        <div>
          <h4
            class="bluedot-h4 not-prose mb-2"
          >
            AGI could arrive soon, and society is dangerously unprepared
          </h4>
          <p
            class="bluedot-p not-prose"
          >
            Human-level AI is likely years away, not decades. AI companies are moving at a blistering pace, while the institutions meant to govern it are moving at a fraction of the speed required.
          </p>
        </div>
        <div>
          <h4
            class="bluedot-h4 not-prose mb-2"
          >
            People at key moments rewrite history
          </h4>
          <p
            class="bluedot-p not-prose"
          >
            The future of AI isn't set in stone. Throughout history, a small number of people in the right positions at the right time have steered powerful technologies toward better outcomes. We find and prepare those people.
          </p>
        </div>
        <div>
          <h4
            class="bluedot-h4 not-prose mb-2"
          >
            We need urgency and wisdom
          </h4>
          <p
            class="bluedot-p not-prose"
          >
            The stakes are vast and time is short, but panic and fatalism lead to bad decisions. We need thoughtful and rapid action.
          </p>
        </div>
      </div>
    </section>
    <section
      class="values-section section section-body"
    >
      <h3
        class="bluedot-h3 not-prose mb-6"
      >
        Values
      </h3>
      <div
        class="flex flex-col gap-6"
      >
        <div>
          <h4
            class="bluedot-h4 not-prose mb-2"
          >
            Own the mission
          </h4>
          <p
            class="bluedot-p not-prose"
          >
            We all take responsibility for achieving our mission, not just getting tasks done. If something important needs doing and it's not anyone's job, it's your job.
          </p>
        </div>
        <div>
          <h4
            class="bluedot-h4 not-prose mb-2"
          >
            Think hard and move fast
          </h4>
          <p
            class="bluedot-p not-prose"
          >
            We think carefully about what matters most, then we pursue it with urgency. Speed in the wrong direction is wasted effort.
          </p>
        </div>
        <div>
          <h4
            class="bluedot-h4 not-prose mb-2"
          >
            Say the uncomfortable truth
          </h4>
          <p
            class="bluedot-p not-prose"
          >
            We give feedback directly and receive it generously. The mission is too important for politeness to get in the way of honesty.
          </p>
        </div>
      </div>
    </section>
    <section
      class="history-section section section-body"
    >
      <h3
        class="bluedot-h3 not-prose mb-6"
      >
        Our history
      </h3>
      <div
        class="history-section__container flex flex-col lg:flex-row lg:gap-2 gap-8"
      >
        <div
          class="history-section__event flex-1"
        >
          <div
            class="history-section__event-container--desktop flex flex-col gap-space-between"
          >
            <div
              class="history-section__year-container w-full flex gap-2"
            >
              <p
                class="bluedot-p not-prose bg-bluedot-normal rounded-full px-4 py-2 text-on-dark text-size-sm font-bold w-min"
              >
                2021
              </p>
              <div
                class="history-section__year-decoration relative w-full after:content-[''] after:absolute after:top-1/2 after:w-full after:h-[2px] after:bg-bluedot-normal after:right-0"
              />
            </div>
            <p
              class="bluedot-p not-prose history-section__event-details mr-12"
            >
              Started as reading groups at the University of Cambridge.
            </p>
          </div>
        </div>
        <div
          class="history-section__event flex-1"
        >
          <div
            class="history-section__event-container--desktop flex flex-col gap-space-between"
          >
            <div
              class="history-section__year-container w-full flex gap-2"
            >
              <p
                class="bluedot-p not-prose bg-bluedot-normal rounded-full px-4 py-2 text-on-dark text-size-sm font-bold w-min"
              >
                2022
              </p>
              <div
                class="history-section__year-decoration relative w-full after:content-[''] after:absolute after:top-1/2 after:w-full after:h-[2px] after:bg-bluedot-normal after:right-0"
              />
            </div>
            <p
              class="bluedot-p not-prose history-section__event-details mr-12"
            >
              Founded BlueDot Impact. Launched our first AI safety course with 400 participants.
            </p>
          </div>
        </div>
        <div
          class="history-section__event flex-1"
        >
          <div
            class="history-section__event-container--desktop flex flex-col gap-space-between"
          >
            <div
              class="history-section__year-container w-full flex gap-2"
            >
              <p
                class="bluedot-p not-prose bg-bluedot-normal rounded-full px-4 py-2 text-on-dark text-size-sm font-bold w-min"
              >
                2023
              </p>
              <div
                class="history-section__year-decoration relative w-full after:content-[''] after:absolute after:top-1/2 after:w-full after:h-[2px] after:bg-bluedot-normal after:right-0"
              />
            </div>
            <p
              class="bluedot-p not-prose history-section__event-details mr-12"
            >
              Expanded to AI governance and biosecurity. Trained 900. Moved to London.
            </p>
          </div>
        </div>
        <div
          class="history-section__event flex-1"
        >
          <div
            class="history-section__event-container--desktop flex flex-col gap-space-between"
          >
            <div
              class="history-section__year-container w-full flex gap-2"
            >
              <p
                class="bluedot-p not-prose bg-bluedot-normal rounded-full px-4 py-2 text-on-dark text-size-sm font-bold w-min"
              >
                2024
              </p>
              <div
                class="history-section__year-decoration relative w-full after:content-[''] after:absolute after:top-1/2 after:w-full after:h-[2px] after:bg-bluedot-normal after:right-0"
              />
            </div>
            <p
              class="bluedot-p not-prose history-section__event-details mr-12"
            >
              Trained 3,500. Raised $5M.
            </p>
          </div>
        </div>
        <div
          class="history-section__event flex-1"
        >
          <div
            class="history-section__event-container--desktop flex flex-col gap-space-between"
          >
            <div
              class="history-section__year-container w-full flex gap-2"
            >
              <p
                class="bluedot-p not-prose bg-bluedot-normal rounded-full px-4 py-2 text-on-dark text-size-sm font-bold w-min"
              >
                2025
              </p>
              <div
                class="history-section__year-decoration relative w-full after:content-[''] after:absolute after:top-1/2 after:w-full after:h-[2px] after:bg-bluedot-normal after:right-0"
              />
            </div>
            <p
              class="bluedot-p not-prose history-section__event-details mr-12"
            >
              Launched monthly courses. Raised $25M. Announced SF expansion.
            </p>
          </div>
        </div>
      </div>
    </section>
    <section
      aria-label="Our team"
      class="section section-body !border-b-0"
    >
      <h3
        class="bluedot-h3 not-prose mb-6"
      >
        Our team
      </h3>
      <ul
        aria-label="Team members"
        class="grid grid-cols-2 gap-x-3 gap-y-7 min-[360px]:grid-cols-3 md:grid-cols-[repeat(auto-fill,10rem)] md:gap-6"
      />
    </section>
    <div
      class="w-full max-w-max-width mx-auto px-spacing-x mt-spacing-y mb-16 flex justify-center"
    >
      <a
        class="not-prose flex w-fit cursor-pointer items-center justify-center gap-2 whitespace-nowrap rounded-surface text-size-xs font-semibold transition-all duration-200 focus-visible:outline-2 focus-visible:outline-offset-2 focus-visible:outline-focus on-dark:focus-visible:outline-focus-on-dark disabled:pointer-events-none disabled:opacity-50 aria-disabled:pointer-events-none aria-disabled:opacity-50 aria-busy:pointer-events-none aria-busy:opacity-50 h-11 px-4 bg-accent text-on-dark hover:bg-accent-hover on-dark:bg-accent-on-dark on-dark:text-bluedot-darker on-dark:hover:bg-accent-on-dark-hover"
        href="/join-us"
        tabindex="0"
      >
        Join our team
      </a>
    </div>
  </div>
</div>
`;
