// Vitest Snapshot v1, https://vitest.dev/guide/snapshot.html

exports[`JoinUsPage > should render correctly 1`] = `
<div>
  <div>
    <section
      class="relative w-full min-h-[317px] min-[680px]:min-h-[366px]"
    >
      <nav
        class="nav absolute top-0 inset-x-0 z-50 w-full transition-all duration-300 bg-transparent border-b border-white/15"
      >
        <div
          class="nav__container section-base"
        >
          <div
            class="nav__bar w-full flex justify-between items-center min-h-(--nav-height-mobile) min-[1024px]:min-h-(--nav-height-desktop)"
          >
            <div
              class="flex items-center"
            >
              <div
                class="mobile-nav-links lg:hidden"
              >
                <button
                  class="icon-button size-[32px] flex items-center justify-center hover:cursor-pointer mobile-nav-links__btn text-white [&_svg]:text-white"
                  type="button"
                >
                  <svg
                    fill="none"
                    height="48"
                    viewBox="0 0 48 48"
                    width="48"
                    xmlns="http://www.w3.org/2000/svg"
                  >
                    <path
                      d="M16 18H32"
                      stroke="currentColor"
                      stroke-linecap="round"
                      stroke-width="2"
                    />
                    <path
                      d="M16 24H32"
                      stroke="currentColor"
                      stroke-linecap="round"
                      stroke-width="2"
                    />
                    <path
                      d="M16 30H32"
                      stroke="currentColor"
                      stroke-linecap="round"
                      stroke-width="2"
                    />
                  </svg>
                </button>
                <div
                  class="mobile-nav-links__drawer absolute top-[60px] min-[1024px]:top-[76px] left-0 w-full lg:-left-spacing-x lg:w-[calc(100%+(var(--spacing-x)*2))] px-spacing-x transition-all duration-300 ease-in-out bg-white max-h-0 opacity-0 pb-0 pointer-events-none overflow-hidden"
                >
                  <div
                    class="mobile-nav-links__drawer-content flex flex-col grow font-medium pb-8 pt-2 lg:hidden"
                    role="presentation"
                  >
                    <div
                      class="nav-links flex gap-9 [&>*]:w-fit mobile-nav-links__nav-links flex-col"
                    >
                      <div
                        class="nav-dropdown"
                      >
                        <button
                          aria-controls="courses-dropdown"
                          aria-expanded="false"
                          class="nav-dropdown__btn flex items-center gap-2 cursor-pointer nav-link nav-link-animation w-fit no-underline text-size-sm font-[450] leading-[160%] align-middle text-white hover:text-white nav-link-animation-dark"
                          type="button"
                        >
                          Courses
                          <svg
                            class="size-5 flex-shrink-0 transition-all duration-300 ease-in-out opacity-100"
                            fill="none"
                            height="1em"
                            stroke="currentColor"
                            stroke-width="0"
                            viewBox="0 0 24 24"
                            width="1em"
                            xmlns="http://www.w3.org/2000/svg"
                          >
                            <path
                              d="M6.34317 7.75732L4.92896 9.17154L12 16.2426L19.0711 9.17157L17.6569 7.75735L12 13.4142L6.34317 7.75732Z"
                              fill="currentColor"
                            />
                          </svg>
                        </button>
                        <div
                          aria-label="Courses menu"
                          class="nav-dropdown__content-wrapper pointer-events-none absolute top-[60px] min-[1024px]:top-[76px] left-0 w-full lg:-left-spacing-x lg:w-[calc(100%+(var(--spacing-x)*2))] px-spacing-x transition-all duration-300 ease-in-out bg-white max-h-0 opacity-0 pb-0 pointer-events-none overflow-hidden"
                          id="courses-dropdown"
                          role="region"
                        >
                          <div
                            class="nav-dropdown__dropdown-content flex flex-col gap-3 w-fit mx-auto text-pretty"
                          >
                            <div
                              class="border-t border-gray-200 my-2"
                            />
                            <a
                              class="bluedot-a not-prose nav-link nav-link-animation w-fit no-underline text-size-sm font-[450] leading-[160%] align-middle pt-1 text-[#02034B] hover:text-[#02034B]"
                              href="/courses"
                              tabindex="0"
                            >
                              See upcoming rounds
                            </a>
                          </div>
                        </div>
                      </div>
                      <a
                        aria-label="Events (opens in new tab)"
                        class="bluedot-a not-prose nav-link nav-link-animation w-fit no-underline text-size-sm font-[450] leading-[160%] align-middle text-white hover:text-white nav-link-animation-dark"
                        href="https://lu.ma/bluedotevents?utm_source=website&utm_campaign=nav"
                        rel="noopener noreferrer"
                        tabindex="0"
                        target="_blank"
                      >
                        Events
                      </a>
                      <a
                        aria-label="Blog (opens in new tab)"
                        class="bluedot-a not-prose nav-link nav-link-animation w-fit no-underline text-size-sm font-[450] leading-[160%] align-middle text-white hover:text-white nav-link-animation-dark"
                        href="https://blog.bluedot.org"
                        rel="noopener noreferrer"
                        tabindex="0"
                        target="_blank"
                      >
                        Blog
                      </a>
                      <a
                        class="bluedot-a not-prose nav-link nav-link-animation w-fit no-underline text-size-sm font-[450] leading-[160%] align-middle text-white hover:text-white nav-link-animation-dark"
                        href="/about"
                        tabindex="0"
                      >
                        About
                      </a>
                      <a
                        class="bluedot-a not-prose nav-link nav-link-animation w-fit no-underline text-size-sm font-[450] leading-[160%] align-middle text-white hover:text-white nav-link-animation-dark"
                        href="/join-us"
                        tabindex="0"
                      >
                        Join us
                      </a>
                    </div>
                    <div
                      class="mobile-nav-cta flex flex-col gap-4 pt-6 mt-6 border-t border-color-divider"
                    >
                      <a
                        class="cta-button transition-all duration-200 w-fit whitespace-nowrap cursor-pointer not-prose disabled:opacity-50 disabled:pointer-events-none aria-disabled:opacity-50 aria-disabled:pointer-events-none text-sm cta-button--primary link-on-dark mobile-nav-cta__join hidden max-[679px]:flex px-3 py-[5px] rounded-[5px] font-[450] leading-[160%] items-center justify-center bg-bluedot-normal hover:bg-[#1a3599] text-white hover:text-white"
                        href="/login?register=true&redirect_to=%2Fjoin-us"
                        tabindex="0"
                      >
                        Start for free
                      </a>
                    </div>
                  </div>
                </div>
              </div>
              <a
                class="bluedot-a not-prose logo shrink-0 w-[151px] min-[681px]:w-[200px] no-underline"
                href="/"
                tabindex="0"
              >
                <img
                  alt="BlueDot Impact Logo"
                  class="logo__img h-5 min-[681px]:h-6 mr-auto transition-all duration-300"
                  src="/images/logo/BlueDot_Impact_Logo_White.svg"
                />
              </a>
            </div>
            <div
              class="flex items-center gap-12"
            >
              <div
                class="nav-links flex gap-9 [&>*]:w-fit hidden lg:flex"
              >
                <div
                  class="nav-dropdown"
                >
                  <button
                    aria-controls="courses-dropdown"
                    aria-expanded="false"
                    class="nav-dropdown__btn flex items-center gap-2 cursor-pointer nav-link nav-link-animation w-fit no-underline text-size-sm font-[450] leading-[160%] align-middle text-white hover:text-white nav-link-animation-dark"
                    type="button"
                  >
                    Courses
                    <svg
                      class="size-5 flex-shrink-0 transition-all duration-300 ease-in-out opacity-100"
                      fill="none"
                      height="1em"
                      stroke="currentColor"
                      stroke-width="0"
                      viewBox="0 0 24 24"
                      width="1em"
                      xmlns="http://www.w3.org/2000/svg"
                    >
                      <path
                        d="M6.34317 7.75732L4.92896 9.17154L12 16.2426L19.0711 9.17157L17.6569 7.75735L12 13.4142L6.34317 7.75732Z"
                        fill="currentColor"
                      />
                    </svg>
                  </button>
                  <div
                    aria-label="Courses menu"
                    class="nav-dropdown__content-wrapper pointer-events-none absolute top-[60px] min-[1024px]:top-[76px] left-0 w-full lg:-left-spacing-x lg:w-[calc(100%+(var(--spacing-x)*2))] px-spacing-x transition-all duration-300 ease-in-out bg-white max-h-0 opacity-0 pb-0 pointer-events-none overflow-hidden"
                    id="courses-dropdown"
                    role="region"
                  >
                    <div
                      class="nav-dropdown__dropdown-content flex flex-col gap-3 w-fit mx-auto text-pretty"
                    >
                      <div
                        class="border-t border-gray-200 my-2"
                      />
                      <a
                        class="bluedot-a not-prose nav-link nav-link-animation w-fit no-underline text-size-sm font-[450] leading-[160%] align-middle pt-1 text-[#02034B] hover:text-[#02034B]"
                        href="/courses"
                        tabindex="0"
                      >
                        See upcoming rounds
                      </a>
                    </div>
                  </div>
                </div>
                <a
                  aria-label="Events (opens in new tab)"
                  class="bluedot-a not-prose nav-link nav-link-animation w-fit no-underline text-size-sm font-[450] leading-[160%] align-middle text-white hover:text-white nav-link-animation-dark"
                  href="https://lu.ma/bluedotevents?utm_source=website&utm_campaign=nav"
                  rel="noopener noreferrer"
                  tabindex="0"
                  target="_blank"
                >
                  Events
                </a>
                <a
                  aria-label="Blog (opens in new tab)"
                  class="bluedot-a not-prose nav-link nav-link-animation w-fit no-underline text-size-sm font-[450] leading-[160%] align-middle text-white hover:text-white nav-link-animation-dark"
                  href="https://blog.bluedot.org"
                  rel="noopener noreferrer"
                  tabindex="0"
                  target="_blank"
                >
                  Blog
                </a>
                <a
                  class="bluedot-a not-prose nav-link nav-link-animation w-fit no-underline text-size-sm font-[450] leading-[160%] align-middle text-white hover:text-white nav-link-animation-dark"
                  href="/about"
                  tabindex="0"
                >
                  About
                </a>
                <a
                  class="bluedot-a not-prose nav-link nav-link-animation w-fit no-underline text-size-sm font-[450] leading-[160%] align-middle text-white hover:text-white nav-link-animation-dark"
                  href="/join-us"
                  tabindex="0"
                >
                  Join us
                </a>
              </div>
              <div
                class="nav-cta flex flex-row items-center gap-4"
              >
                <a
                  class="cta-button transition-all duration-200 w-fit whitespace-nowrap cursor-pointer not-prose disabled:opacity-50 disabled:pointer-events-none aria-disabled:opacity-50 aria-disabled:pointer-events-none text-sm cta-button--secondary nav-cta__secondary-cta flex px-3 py-[5px] rounded-[5px] font-[450] leading-[160%] items-center justify-center bg-white/15 border border-white/20 text-white hover:text-white hover:bg-white/20 backdrop-blur-sm"
                  href="/login?redirect_to=%2Fjoin-us"
                  tabindex="0"
                >
                  Sign in
                </a>
                <a
                  class="cta-button transition-all duration-200 w-fit whitespace-nowrap cursor-pointer not-prose disabled:opacity-50 disabled:pointer-events-none aria-disabled:opacity-50 aria-disabled:pointer-events-none text-sm cta-button--primary link-on-dark nav-cta__primary-cta hidden min-[680px]:flex px-3 py-[5px] rounded-[5px] font-[450] leading-[160%] items-center justify-center bg-white hover:bg-white/90 text-[#02034B] hover:text-[#02034B]"
                  href="/login?register=true&redirect_to=%2Fjoin-us"
                  tabindex="0"
                >
                  Start for free
                </a>
              </div>
            </div>
          </div>
        </div>
      </nav>
      <img
        alt=""
        class="absolute inset-0 size-full object-cover -scale-x-100"
        fetchpriority="high"
        src="/images/homepage/hero.webp"
      />
      <div
        class="relative z-10 flex flex-col justify-end h-full min-h-[317px] min-[680px]:min-h-[366px] pb-12 pt-20 min-[680px]:pb-16 min-[680px]:pt-20"
      >
        <div
          class="w-full mx-auto max-w-max-width px-spacing-x"
        >
          <div
            class="flex flex-col gap-6 max-w-[780px]"
          >
            <h1
              class="bluedot-h1 not-prose text-[32px] min-[680px]:text-[40px] min-[1024px]:text-[48px] leading-tight font-medium tracking-[-1px] text-white"
            >
              Join us
            </h1>
            <p
              class="text-size-sm min-[680px]:text-[18px] min-[1024px]:text-[20px] leading-[1.55] tracking-[-0.1px] text-white"
            >
              Join us in our mission to ensure humanity safely navigates the transition to transformative AI.
            </p>
          </div>
        </div>
      </div>
    </section>
    <div
      class="breadcrumbs bg-color-canvas border-b border-color-divider w-full py-space-between"
    >
      <nav
        aria-label="Breadcrumbs"
        class="breadcrumbs__nav section-base flex flex-row justify-between"
      >
        <ol
          class="breadcrumbs__list flex"
        >
          <li
            class="breadcrumbs__item flex items-center"
          >
            <a
              class="bluedot-a not-prose breadcrumbs__link no-underline"
              href="/"
              tabindex="0"
            >
              Home
            </a>
            <span
              class="breadcrumbs__separator mx-2"
            >
              &gt;
            </span>
          </li>
          <li
            class="breadcrumbs__item flex items-center"
          >
            <a
              class="bluedot-a not-prose breadcrumbs__link no-underline"
              href="/join-us"
              tabindex="0"
            >
              Join us
            </a>
          </li>
        </ol>
      </nav>
    </div>
    <section
      class="section section-body"
    >
      <div
        class="section-heading__title-container flex justify-between items-center gap-space-between mb-6"
      >
        <div
          class="section-heading__content flex-1 flex flex-col gap-2"
        >
          <h2
            class="section-heading__title relative ml-[-0.08em] bluedot-h2"
          >
            Careers at BlueDot Impact
          </h2>
        </div>
      </div>
      <div
        class="section__body"
      >
        <div
          class="invisible relative bottom-48"
          id="open-roles-anchor"
        />
        <p
          class="bluedot-p not-prose"
        >
          We're not currently running any open hiring rounds at the moment.
        </p>
      </div>
    </section>
    <section
      class="section section-body culture-section"
    >
      <div
        class="section__body"
      >
        <div
          class="culture-section__container flex lg:flex-row flex-col gap-space-between"
        >
          <div
            class="culture-section__text-container flex flex-col gap-5 max-w-[436px]"
          >
            <div
              class="section-heading__title-container flex justify-between items-center gap-space-between mb-6"
            >
              <div
                class="section-heading__content flex-1 flex flex-col gap-2"
              >
                <h2
                  class="section-heading__title relative ml-[-0.08em] bluedot-h2"
                >
                  Our culture
                </h2>
              </div>
            </div>
            <p
              class="bluedot-p not-prose"
            >
              At BlueDot Impact, our culture is defined by high agency, rapid experimentation, and direct feedback. We move fast and iterate quickly because AI capabilities are advancing rapidly and our work is time-sensitive.
            </p>
            <p
              class="bluedot-p not-prose"
            >
              But speed doesn't mean sacrificing support – we invest heavily in each other's growth and wellbeing, creating an environment where ambitious, mission-driven people can do their best work.
            </p>
            <p
              class="bluedot-p not-prose"
            >
              We seek exceptional people who combine a sense of urgency with the empathy to help others thrive, whether that's fellow team members or the thousands of professionals in our global community.
            </p>
          </div>
          <div
            class="culture-section__image-grid grid mt-6 grid-cols-2 gap-x-2 gap-y-4 sm:mt-0 sm:grid-cols-3 sm:gap-4"
          >
            <img
              alt="BlueDot Impact team"
              class="culture-section__image w-full h-[clamp(100px,_13.5vw,_178px)] object-cover rounded-sm"
              src="/images/culture/culture_dewi_v1.webp"
            />
            <img
              alt="BlueDot Impact team"
              class="culture-section__image w-full h-[clamp(100px,_13.5vw,_178px)] object-cover rounded-sm"
              src="/images/culture/culture_talking_v2.webp"
            />
            <img
              alt="BlueDot Impact team"
              class="culture-section__image w-full h-[clamp(100px,_13.5vw,_178px)] object-cover rounded-sm"
              src="/images/culture/culture_cap_v1.webp"
            />
            <img
              alt="BlueDot Impact team"
              class="culture-section__image w-full h-[clamp(100px,_13.5vw,_178px)] object-cover rounded-sm"
              src="/images/culture/culture_will_v1.webp"
            />
            <img
              alt="BlueDot Impact team"
              class="culture-section__image w-full h-[clamp(100px,_13.5vw,_178px)] object-cover rounded-sm"
              src="/images/culture/culture_josh_v1.webp"
            />
            <img
              alt="BlueDot Impact team"
              class="culture-section__image w-full h-[clamp(100px,_13.5vw,_178px)] object-cover rounded-sm"
              src="/images/culture/culture_keyboard_v1.webp"
            />
          </div>
        </div>
      </div>
    </section>
    <section
      class="section section-body values-section"
    >
      <div
        class="section-heading__title-container flex justify-between items-center gap-space-between mb-6"
      >
        <div
          class="section-heading__content flex-1 flex flex-col gap-2"
        >
          <h2
            class="section-heading__title relative ml-[-0.08em] bluedot-h2"
          >
            Our values
          </h2>
        </div>
      </div>
      <div
        class="section__body"
      >
        <div
          class="values-section__values--mobile flex flex-col gap-4 md:hidden"
        >
          <div
            class="values-card flex flex-row gap-4"
          >
            <img
              alt="Own the mission"
              class="values-card__image object-cover rounded-lg size-[102px]"
              src="/images/values/mission_mobile.gif"
            />
            <div
              class="values-card__content"
            >
              <p
                class="values-card__title bluedot-h4 mb-2"
              >
                Own the mission
              </p>
              <p
                class="bluedot-p not-prose values-card__subtitle"
              >
                We prioritize mission success above all, take responsibility for outcomes, and commit extraordinary effort to achieve extraordinary goals.
              </p>
            </div>
          </div>
          <div
            class="values-card flex flex-row gap-4"
          >
            <img
              alt="Find the fastest, best way to do everything"
              class="values-card__image object-cover rounded-lg size-[102px]"
              src="/images/values/fast_mobile.gif"
            />
            <div
              class="values-card__content"
            >
              <p
                class="values-card__title bluedot-h4 mb-2"
              >
                Find the fastest, best way to do everything
              </p>
              <p
                class="bluedot-p not-prose values-card__subtitle"
              >
                We're high agency: constantly growing our skills, finding creative solutions, and making the impossible possible.
              </p>
            </div>
          </div>
          <div
            class="values-card flex flex-row gap-4"
          >
            <img
              alt="Say the uncomfortable truth"
              class="values-card__image object-cover rounded-lg size-[102px]"
              src="/images/values/speak_mobile.gif"
            />
            <div
              class="values-card__content"
            >
              <p
                class="values-card__title bluedot-h4 mb-2"
              >
                Say the uncomfortable truth
              </p>
              <p
                class="bluedot-p not-prose values-card__subtitle"
              >
                We speak essential truths with kindness: giving feedback, challenging ideas, and supporting each other's growth.
              </p>
            </div>
          </div>
        </div>
        <div
          class="slide-list relative overflow-hidden flex flex-col gap-space-between -mx-spacing-x md:mx-0 values-section__values--desktop hidden md:flex"
        >
          <div
            class="slide-list__gradient-wrapper relative flex-1"
          >
            <div
              class="slide-list__gradient-overlay absolute inset-0 pointer-events-none z-10 flex"
            >
              <div
                class="slide-list__gradient-left absolute inset-y-0 w-8 from-cream-normal to-transparent opacity-50 right-0 bg-linear-to-l"
              />
            </div>
            <div
              class="slide-list__slides flex flex-1 h-full items-stretch overflow-x-scroll gap-y-spacing-y md:gap-x-space-between scrollbar-hidden transition-transform duration-300 snap-x snap-mandatory"
              style="scroll-padding-inline: 0px;"
            >
              <div
                class="slide-list__slide shrink-0 snap-start pl-spacing-x md:pl-0 last:pr-spacing-x md:last:pr-0"
                data-width="calc((100% - var(--space-between) * 0) * (1 - 0.15))"
                style="scroll-margin-left: -0px;"
              >
                <div
                  class="card flex items-start transition-transform duration-200 flex-col values-section__value"
                >
                  <div
                    class="card__image-container w-full mb-4"
                  >
                    <img
                      alt="Own the mission"
                      class="card__image max-w-full max-h-full object-cover rounded-lg "
                      src="/images/values/mission.gif"
                    />
                  </div>
                  <div
                    class="card__content flex gap-6 w-full flex-1 flex-col"
                  >
                    <div
                      class="card__text"
                    >
                      <div
                        class="flex flex-row gap-4 items-center mb-2"
                      >
                        <p
                          class="card__title bluedot-h4"
                        >
                          Own the mission
                        </p>
                      </div>
                      <p
                        class="card__subtitle bluedot-p "
                      >
                        We prioritize mission success above all, take responsibility for outcomes, and commit extraordinary effort to achieve extraordinary goals.
                      </p>
                    </div>
                  </div>
                </div>
              </div>
              <div
                class="slide-list__slide shrink-0 snap-start pl-spacing-x md:pl-0 last:pr-spacing-x md:last:pr-0"
                data-width="calc((100% - var(--space-between) * 0) * (1 - 0.15))"
                style="scroll-margin-left: -0px;"
              >
                <div
                  class="card flex items-start transition-transform duration-200 flex-col values-section__value"
                >
                  <div
                    class="card__image-container w-full mb-4"
                  >
                    <img
                      alt="Find the fastest, best way to do everything"
                      class="card__image max-w-full max-h-full object-cover rounded-lg "
                      src="/images/values/fast.gif"
                    />
                  </div>
                  <div
                    class="card__content flex gap-6 w-full flex-1 flex-col"
                  >
                    <div
                      class="card__text"
                    >
                      <div
                        class="flex flex-row gap-4 items-center mb-2"
                      >
                        <p
                          class="card__title bluedot-h4"
                        >
                          Find the fastest, best way to do everything
                        </p>
                      </div>
                      <p
                        class="card__subtitle bluedot-p "
                      >
                        We're high agency: constantly growing our skills, finding creative solutions, and making the impossible possible.
                      </p>
                    </div>
                  </div>
                </div>
              </div>
              <div
                class="slide-list__slide shrink-0 snap-start pl-spacing-x md:pl-0 last:pr-spacing-x md:last:pr-0"
                data-width="calc((100% - var(--space-between) * 0) * (1 - 0.15))"
                style="scroll-margin-left: -0px;"
              >
                <div
                  class="card flex items-start transition-transform duration-200 flex-col values-section__value"
                >
                  <div
                    class="card__image-container w-full mb-4"
                  >
                    <img
                      alt="Say the uncomfortable truth"
                      class="card__image max-w-full max-h-full object-cover rounded-lg "
                      src="/images/values/speak.gif"
                    />
                  </div>
                  <div
                    class="card__content flex gap-6 w-full flex-1 flex-col"
                  >
                    <div
                      class="card__text"
                    >
                      <div
                        class="flex flex-row gap-4 items-center mb-2"
                      >
                        <p
                          class="card__title bluedot-h4"
                        >
                          Say the uncomfortable truth
                        </p>
                      </div>
                      <p
                        class="card__subtitle bluedot-p "
                      >
                        We speak essential truths with kindness: giving feedback, challenging ideas, and supporting each other's growth.
                      </p>
                    </div>
                  </div>
                </div>
              </div>
            </div>
          </div>
          <div
            class="hidden md:flex justify-between items-center gap-space-between"
          >
            <button
              aria-label="Previous slide"
              class="slide-list__nav-button p-3 border rounded-lg transition-colors m-[3px] mt-0 border-charcoal-light text-black hover:bg-gray-50 hover:cursor-pointer active:bg-gray-100 disabled:opacity-50 disabled:cursor-not-allowed focus:outline-hidden focus:ring-2 focus:ring-bluedot-light"
              disabled=""
              type="button"
            >
              <svg
                class="slide-list__nav-icon size-5"
                fill="none"
                stroke="currentColor"
                viewBox="0 0 24 24"
              >
                <path
                  d="M15 19l-7-7 7-7"
                  stroke-linecap="round"
                  stroke-linejoin="round"
                  stroke-width="2"
                />
              </svg>
            </button>
            <div
              class="slide-list__progress w-full relative h-1"
            >
              <div
                class="slide-list__progress-track absolute h-px top-px w-full bg-color-divider"
              />
              <div
                class="slide-list__progress-track absolute h-full bg-bluedot-normal"
                style="width: 33.33333333333333%;"
              />
            </div>
            <button
              aria-label="Next slide"
              class="slide-list__nav-button p-3 border rounded-lg transition-colors m-[3px] mt-0 border-charcoal-light text-black hover:bg-gray-50 hover:cursor-pointer active:bg-gray-100 disabled:opacity-50 disabled:cursor-not-allowed focus:outline-hidden focus:ring-2 focus:ring-bluedot-light"
              type="button"
            >
              <svg
                class="slide-list__nav-icon size-5"
                fill="none"
                stroke="currentColor"
                viewBox="0 0 24 24"
              >
                <path
                  d="M9 5l7 7-7 7"
                  stroke-linecap="round"
                  stroke-linejoin="round"
                  stroke-width="2"
                />
              </svg>
            </button>
          </div>
        </div>
      </div>
    </section>
  </div>
</div>
`;
