// Vitest Snapshot v1, https://vitest.dev/guide/snapshot.html

exports[`ProfilePage - Edit Name Feature > should render profile page with name correctly 1`] = `
<div>
  <div>
    <title>
      Profile | BlueDot Impact
    </title>
    <div
      class="hero-section bg-bluedot-darker flex flex-row justify-center items-center w-full px-spacing-x"
    >
      <div
        class="hero-section__content max-w-[865px] py-12"
      >
        <h1
          class="hero-section__title text-color-text-on-dark text-center bluedot-h1"
        >
          Your profile
        </h1>
        <h2
          class="hero-section__subtitle text-color-text-on-dark text-2xl font-[400] text-center mt-4 bluedot-h2"
        >
          See your progress and share your learnings
        </h2>
      </div>
    </div>
    <div
      class="breadcrumbs bg-color-canvas border-b border-color-divider w-full py-space-between"
    >
      <nav
        aria-label="Breadcrumbs"
        class="breadcrumbs__nav section-base flex flex-row justify-between"
      >
        <ol
          class="breadcrumbs__list flex"
        >
          <li
            class="breadcrumbs__item flex items-center"
          >
            <a
              class="bluedot-a not-prose breadcrumbs__link no-underline"
              href="/"
              tabindex="0"
            >
              Home
            </a>
            <span
              class="breadcrumbs__separator mx-2"
            >
              &gt;
            </span>
          </li>
          <li
            class="breadcrumbs__item flex items-center"
          >
            <a
              class="bluedot-a not-prose breadcrumbs__link no-underline"
              href="/profile"
              tabindex="0"
            >
              Profile
            </a>
          </li>
        </ol>
      </nav>
    </div>
    <section
      class="section section-body profile"
    >
      <div
        class="section__body"
      >
        <div
          class="grid lg:grid-cols-2 gap-8"
        >
          <div
            class="profile__enrolled-courses flex flex-col gap-4"
          >
            <h3
              class="bluedot-h3 not-prose"
            >
              Account details
            </h3>
            <div
              class="flex flex-col gap-4 container-lined bg-white p-8 h-fit"
            >
              <div
                class="profile-name"
              >
                <div
                  class="flex flex-col gap-2"
                >
                  <p
                    class="bluedot-p not-prose"
                  >
                    <span
                      class="font-bold"
                    >
                      Name:
                    </span>
                  </p>
                  <div
                    class="flex gap-2 items-center"
                  >
                    <label
                      class="input flex flex-col gap-2 flex-1 min-w-0"
                    >
                      <span
                        class="input__label"
                      />
                      <input
                        class="input--text border border-color-divider rounded-lg p-4 focus-visible:outline focus-visible:outline-2 focus-visible:-outline-offset-2 focus-visible:outline-bluedot-normal profile-name__input"
                        placeholder="Enter your name"
                        type="text"
                        value="John Doe"
                      />
                    </label>
                  </div>
                </div>
              </div>
              <p
                class="bluedot-p not-prose"
              >
                <span
                  class="font-bold"
                >
                  Email:
                </span>
                 
                test@example.com
              </p>
            </div>
            <h3
              class="bluedot-h3 not-prose"
            >
              Your courses
            </h3>
            <div
              class="profile__no-courses flex flex-col gap-4 container-lined bg-white p-8 mb-4"
            >
              <p
                class="bluedot-p not-prose"
              >
                You haven't started any courses yet
              </p>
              <a
                class="cta-button flex items-center justify-center rounded-sm transition-all duration-200 text-sm px-4 py-3 w-fit font-[650] whitespace-nowrap cursor-pointer not-prose cta-button--primary bg-bluedot-normal link-on-dark"
                href="/courses"
                tabindex="0"
              >
                <span
                  class="cta-button__text"
                >
                  Join a course
                </span>
              </a>
            </div>
          </div>
          <div
            class="profile__events flex flex-col gap-4"
          >
            <h3
              class="bluedot-h3 not-prose"
            >
              Connect with your community
            </h3>
          </div>
        </div>
      </div>
    </section>
  </div>
</div>
`;
