// Vitest Snapshot v1, https://vitest.dev/guide/snapshot.html

exports[`GrantsSection > renders default as expected 1`] = `
<div>
  <section
    class="w-full py-[48px] px-5 bd-md:py-[64px] bd-md:px-8 lg:py-[80px] lg:px-12 xl:py-[96px] xl:px-16 2xl:px-20"
  >
    <div
      class="mx-auto max-w-screen-xl flex flex-col items-center"
    >
      <div
        class="max-w-[700px] text-center"
      >
        <h2
          class="bluedot-h2 not-prose text-[28px] bd-md:text-[36px] lg:text-[40px] xl:text-[48px] leading-tight tracking-[-1px] font-medium text-bluedot-navy"
        >
          Go beyond a course
        </h2>
        <p
          class="bluedot-p not-prose mt-6 text-[16px] bd-md:text-[18px] leading-[1.6] text-bluedot-navy/80"
        >
          Funding, structured sprints, or a bigger launchpad for the next stage of your work on making AI go well.
        </p>
      </div>
      <div
        class="flex flex-col gap-6 mt-10 bd-md:mt-12 w-full max-w-[1120px]"
      >
        <ul
          class="list-none flex flex-col divide-y divide-bluedot-navy/10"
        >
          <li
            class="py-5 first:pt-0 last:pb-0"
          >
            <a
              class="group flex flex-col gap-3 bd-md:flex-row bd-md:items-center bd-md:justify-between bd-md:gap-6"
              href="/programs/rapid-grants?utm_source=website&utm_campaign=homepage-programs"
            >
              <div
                class="flex items-stretch gap-4 min-w-0 flex-1"
              >
                <div
                  class="w-1 flex-shrink-0 rounded-sm bg-bluedot-normal/30 transition-colors group-hover:bg-bluedot-normal group-focus-within:bg-bluedot-normal"
                />
                <div
                  class="min-w-0 flex-1"
                >
                  <p
                    class="text-[15px] leading-[1.45] font-semibold text-bluedot-navy"
                  >
                    Rapid Grants
                  </p>
                  <p
                    class="mt-1 text-[15px] leading-[1.6] text-bluedot-navy/62"
                  >
                    Fund talented people in the BlueDot community to do excellent work on AI safety - research, events, community building, and more.
                  </p>
                </div>
              </div>
              <div
                class="ml-5 flex shrink-0 items-center text-[15px] leading-[1.6] font-medium text-bluedot-normal bd-md:ml-6 bd-md:whitespace-nowrap"
              >
                <span
                  class="transition-transform group-hover:-translate-x-1 group-focus-visible:-translate-x-1"
                >
                  Learn more
                </span>
                <span
                  class="ml-1 opacity-0 transition-opacity group-hover:opacity-100 group-focus-visible:opacity-100"
                >
                  →
                </span>
              </div>
            </a>
          </li>
          <li
            class="py-5 first:pt-0 last:pb-0"
          >
            <a
              class="group flex flex-col gap-3 bd-md:flex-row bd-md:items-center bd-md:justify-between bd-md:gap-6"
              href="/programs/career-transition-grant?utm_source=website&utm_campaign=homepage-programs"
            >
              <div
                class="flex items-stretch gap-4 min-w-0 flex-1"
              >
                <div
                  class="w-1 flex-shrink-0 rounded-sm bg-bluedot-normal/30 transition-colors group-hover:bg-bluedot-normal group-focus-within:bg-bluedot-normal"
                />
                <div
                  class="min-w-0 flex-1"
                >
                  <p
                    class="text-[15px] leading-[1.45] font-semibold text-bluedot-navy"
                  >
                    Career Transition Grants
                  </p>
                  <p
                    class="mt-1 text-[15px] leading-[1.6] text-bluedot-navy/62"
                  >
                    Support BlueDot graduates to work full-time on impactful AI safety work.
                  </p>
                </div>
              </div>
              <div
                class="ml-5 flex shrink-0 items-center text-[15px] leading-[1.6] font-medium text-bluedot-normal bd-md:ml-6 bd-md:whitespace-nowrap"
              >
                <span
                  class="transition-transform group-hover:-translate-x-1 group-focus-visible:-translate-x-1"
                >
                  Learn more
                </span>
                <span
                  class="ml-1 opacity-0 transition-opacity group-hover:opacity-100 group-focus-visible:opacity-100"
                >
                  →
                </span>
              </div>
            </a>
          </li>
          <li
            class="py-5 first:pt-0 last:pb-0"
          >
            <a
              class="group flex flex-col gap-3 bd-md:flex-row bd-md:items-center bd-md:justify-between bd-md:gap-6"
              href="/courses/technical-ai-safety-project?utm_source=website&utm_campaign=homepage-programs"
            >
              <div
                class="flex items-stretch gap-4 min-w-0 flex-1"
              >
                <div
                  class="w-1 flex-shrink-0 rounded-sm bg-bluedot-normal/30 transition-colors group-hover:bg-bluedot-normal group-focus-within:bg-bluedot-normal"
                />
                <div
                  class="min-w-0 flex-1"
                >
                  <p
                    class="text-[15px] leading-[1.45] font-semibold text-bluedot-navy"
                  >
                    Technical AI Safety Project Sprint
                  </p>
                  <p
                    class="mt-1 text-[15px] leading-[1.6] text-bluedot-navy/62"
                  >
                    Help technically minded people ship a concrete AI safety research or engineering project with expert support.
                  </p>
                </div>
              </div>
              <div
                class="ml-5 flex shrink-0 items-center text-[15px] leading-[1.6] font-medium text-bluedot-normal bd-md:ml-6 bd-md:whitespace-nowrap"
              >
                <span
                  class="transition-transform group-hover:-translate-x-1 group-focus-visible:-translate-x-1"
                >
                  Learn more
                </span>
                <span
                  class="ml-1 opacity-0 transition-opacity group-hover:opacity-100 group-focus-visible:opacity-100"
                >
                  →
                </span>
              </div>
            </a>
          </li>
          <li
            class="py-5 first:pt-0 last:pb-0"
          >
            <a
              class="group flex flex-col gap-3 bd-md:flex-row bd-md:items-center bd-md:justify-between bd-md:gap-6"
              href="/programs/advising?utm_source=website&utm_campaign=homepage-programs"
            >
              <div
                class="flex items-stretch gap-4 min-w-0 flex-1"
              >
                <div
                  class="w-1 flex-shrink-0 rounded-sm bg-bluedot-normal/30 transition-colors group-hover:bg-bluedot-normal group-focus-within:bg-bluedot-normal"
                />
                <div
                  class="min-w-0 flex-1"
                >
                  <p
                    class="text-[15px] leading-[1.45] font-semibold text-bluedot-navy"
                  >
                    1-1 advising
                  </p>
                  <p
                    class="mt-1 text-[15px] leading-[1.6] text-bluedot-navy/62"
                  >
                    Help BlueDot community members figure out how to contribute their skills to AI safety.
                  </p>
                </div>
              </div>
              <div
                class="ml-5 flex shrink-0 items-center text-[15px] leading-[1.6] font-medium text-bluedot-normal bd-md:ml-6 bd-md:whitespace-nowrap"
              >
                <span
                  class="transition-transform group-hover:-translate-x-1 group-focus-visible:-translate-x-1"
                >
                  Learn more
                </span>
                <span
                  class="ml-1 opacity-0 transition-opacity group-hover:opacity-100 group-focus-visible:opacity-100"
                >
                  →
                </span>
              </div>
            </a>
          </li>
        </ul>
      </div>
      <div
        class="mt-10 bd-md:mt-12"
      >
        <a
          class="cta-button flex items-center justify-center transition-all duration-200 w-fit whitespace-nowrap cursor-pointer not-prose disabled:opacity-50 disabled:pointer-events-none aria-disabled:opacity-50 aria-disabled:pointer-events-none text-sm px-4 py-3 rounded-sm font-[650] cta-button--secondary bg-transparent border border-bluedot-normal text-bluedot-normal hover:bg-bluedot-lighter"
          href="/programs?utm_source=website&utm_campaign=homepage-programs"
          tabindex="0"
        >
          See all programs
          <span
            class="cta-button__chevron ml-3"
          >
            <svg
              class="cta-button__chevron-icon size-2"
              fill="currentColor"
              height="1em"
              stroke="currentColor"
              stroke-width="0"
              viewBox="0 0 320 512"
              width="1em"
              xmlns="http://www.w3.org/2000/svg"
            >
              <path
                d="M310.6 233.4c12.5 12.5 12.5 32.8 0 45.3l-192 192c-12.5 12.5-32.8 12.5-45.3 0s-12.5-32.8 0-45.3L242.7 256 73.4 86.6c-12.5-12.5-12.5-32.8 0-45.3s32.8-12.5 45.3 0l192 192z"
              />
            </svg>
          </span>
        </a>
      </div>
    </div>
  </section>
</div>
`;
