// Vitest Snapshot v1, https://vitest.dev/guide/snapshot.html

exports[`Breadcrumbs > renders all urls and titles in the document 1`] = `
<div>
  <div
    class="breadcrumbs bg-color-canvas border-b border-color-divider w-full py-space-between"
  >
    <nav
      aria-label="Breadcrumbs"
      class="breadcrumbs__nav section-base"
    >
      <ol
        class="breadcrumbs__list flex"
      >
        <li
          class="breadcrumbs__item flex items-center"
        >
          <a
            class="breadcrumbs__link bluedot-a no-underline"
            href="/"
          >
            HomePage
          </a>
          <span
            class="breadcrumbs__separator mx-2"
          >
            &gt;
          </span>
        </li>
        <li
          class="breadcrumbs__item flex items-center"
        >
          <a
            class="breadcrumbs__link bluedot-a no-underline"
            href="/about"
          >
            AboutPage
          </a>
        </li>
      </ol>
    </nav>
  </div>
</div>
`;
