// Vitest Snapshot v1, https://vitest.dev/guide/snapshot.html

exports[`Input > renders radio as expected 1`] = `
<div>
  <label
    class="input flex gap-2 has-[:disabled]:cursor-not-allowed items-center cursor-pointer"
  >
    <input
      class="input--radio size-6 accent-bluedot-normal cursor-pointer disabled:cursor-not-allowed"
      name="radio-group"
      type="radio"
      value="This is the value"
    />
    <span
      class="input__label"
    >
      This is the value
    </span>
  </label>
</div>
`;
