// Vitest Snapshot v1, https://vitest.dev/guide/snapshot.html

exports[`HistorySection > renders as expected 1`] = `
<div>
  <section
    class="section section-body"
  >
    <div
      class="section-heading__title-container flex justify-between items-center gap-space-between mb-6"
    >
      <div
        class="section-heading__content flex-1 flex flex-col gap-2"
      >
        <h3
          class="section-heading__title relative ml-[-0.08em]"
        >
          Our history
        </h3>
      </div>
    </div>
    <div
      class="section__body"
    >
      <div
        class="history-section w-full relative grid grid-cols-[auto] gap-space-between justify-items-center"
      >
        <div
          class="history-event flex flex-col gap-space-between max-w-[430px] w-full min-w-[330px]"
          style="grid-row: 1; grid-column: 1;"
        >
          <div
            class="history-event__year bg-bluedot-normal text-color-text-on-dark duration-500 cta-button flex items-center justify-center rounded-radius-sm transition-all duration-200 text-sm px-4 py-3 w-fit font-[650] whitespace-nowrap outline-transparent"
          >
            2021
          </div>
          <p
            class="history-event__description max-w-[250px] text-balanced"
          >
            Before BlueDot, we began as a University of Cambridge student group, 
            <b>
              hosting discussions on transformative emerging technologies
            </b>
            .
          </p>
        </div>
        <div
          class="history-event flex flex-col gap-space-between max-w-[430px] w-full min-w-[330px]"
          style="grid-row: 2; grid-column: 1;"
        >
          <div
            class="history-event__year bg-bluedot-normal text-color-text-on-dark duration-500 cta-button flex items-center justify-center rounded-radius-sm transition-all duration-200 text-sm px-4 py-3 w-fit font-[650] whitespace-nowrap ml-auto outline-transparent"
          >
            2022
          </div>
          <p
            class="history-event__description max-w-[250px] text-balanced text-right ml-auto"
          >
            Launched 
            <b>
              our first AI Safety course
            </b>
             with 400+ participants, founded BlueDot Impact, and established our London headquarters.
          </p>
        </div>
        <div
          class="history-event flex flex-col gap-space-between max-w-[430px] w-full min-w-[330px]"
          style="grid-row: 3; grid-column: 1;"
        >
          <div
            class="history-event__year bg-bluedot-normal text-color-text-on-dark duration-500 cta-button flex items-center justify-center rounded-radius-sm transition-all duration-200 text-sm px-4 py-3 w-fit font-[650] whitespace-nowrap outline-transparent"
          >
            2023
          </div>
          <p
            class="history-event__description max-w-[250px] text-balanced"
          >
            <b>
              Delivered a new course every four months
            </b>
            , training 800+ people in AI Alignment, Governance, and Biosecurity.
          </p>
        </div>
        <div
          class="history-event flex flex-col gap-space-between max-w-[430px] w-full min-w-[330px]"
          style="grid-row: 4; grid-column: 1;"
        >
          <div
            class="history-event__year bg-bluedot-normal text-color-text-on-dark duration-500 cta-button flex items-center justify-center rounded-radius-sm transition-all duration-200 text-sm px-4 py-3 w-fit font-[650] whitespace-nowrap ml-auto outline-transparent"
          >
            2024
          </div>
          <p
            class="history-event__description max-w-[250px] text-balanced text-right ml-auto"
          >
            <b>
              Accelerated to monthly courses
            </b>
            , reaching 3500+ participants worldwide. Over 400 of our course graduates now work in AI Safety.
          </p>
        </div>
        <div
          class="history-event flex flex-col gap-space-between max-w-[430px] w-full min-w-[330px]"
          style="grid-row: 5; grid-column: 1;"
        >
          <div
            class="history-event__year bg-bluedot-normal text-color-text-on-dark duration-500 cta-button flex items-center justify-center rounded-radius-sm transition-all duration-200 text-sm px-4 py-3 w-fit font-[650] whitespace-nowrap outline-transparent"
          >
            2025
          </div>
          <p
            class="history-event__description max-w-[250px] text-balanced"
          >
            <b>
              Launching multiple courses weekly
            </b>
             and expanding a world-class team to scale our global impact.
          </p>
        </div>
        <svg
          class="arrow absolute size-full text-bluedot-normal"
        >
          <defs>
            <marker
              id="arrowhead"
              markerHeight="8"
              markerWidth="8"
              orient="auto"
              refX="5"
              refY="4"
              viewBox="0 0 8 8"
            >
              <path
                d="M1.5,1 L5,4 L1.5,7"
                fill="none"
                stroke="currentColor"
                stroke-linecap="round"
              />
            </marker>
          </defs>
          <line
            stroke="currentColor"
            stroke-width="2px"
            x1="12"
            x2="calc(0px + -16px)"
            y1="0"
            y2="0"
          />
          <g
            style="transform: translate(calc(0px + -16px), 0px) rotate(0deg); transform-origin: 8px 8px;"
          >
            <path
              d="M0,0 A16,16 0 0,1 16,16"
              fill="none"
              stroke="currentColor"
              stroke-width="2px"
            />
          </g>
          <line
            marker-end="url(#arrowhead)"
            stroke="currentColor"
            stroke-width="2px"
            x1="0px"
            x2="0px"
            y1="16"
            y2="-12"
          />
        </svg>
        <svg
          class="arrow absolute size-full text-bluedot-normal"
        >
          <defs>
            <marker
              id="arrowhead"
              markerHeight="8"
              markerWidth="8"
              orient="auto"
              refX="5"
              refY="4"
              viewBox="0 0 8 8"
            >
              <path
                d="M1.5,1 L5,4 L1.5,7"
                fill="none"
                stroke="currentColor"
                stroke-linecap="round"
              />
            </marker>
          </defs>
          <line
            stroke="currentColor"
            stroke-width="2px"
            x1="-12"
            x2="calc(0px + 16px)"
            y1="0"
            y2="0"
          />
          <g
            style="transform: translate(calc(calc(0px + 16px) - 16px), 0px) scale(-1, 1) rotate(0deg); transform-origin: 8px 8px;"
          >
            <path
              d="M0,0 A16,16 0 0,1 16,16"
              fill="none"
              stroke="currentColor"
              stroke-width="2px"
            />
          </g>
          <line
            marker-end="url(#arrowhead)"
            stroke="currentColor"
            stroke-width="2px"
            x1="0px"
            x2="0px"
            y1="16"
            y2="-12"
          />
        </svg>
        <svg
          class="arrow absolute size-full text-bluedot-normal"
        >
          <defs>
            <marker
              id="arrowhead"
              markerHeight="8"
              markerWidth="8"
              orient="auto"
              refX="5"
              refY="4"
              viewBox="0 0 8 8"
            >
              <path
                d="M1.5,1 L5,4 L1.5,7"
                fill="none"
                stroke="currentColor"
                stroke-linecap="round"
              />
            </marker>
          </defs>
          <line
            stroke="currentColor"
            stroke-width="2px"
            x1="12"
            x2="calc(0px + -16px)"
            y1="0"
            y2="0"
          />
          <g
            style="transform: translate(calc(0px + -16px), 0px) rotate(0deg); transform-origin: 8px 8px;"
          >
            <path
              d="M0,0 A16,16 0 0,1 16,16"
              fill="none"
              stroke="currentColor"
              stroke-width="2px"
            />
          </g>
          <line
            marker-end="url(#arrowhead)"
            stroke="currentColor"
            stroke-width="2px"
            x1="0px"
            x2="0px"
            y1="16"
            y2="-12"
          />
        </svg>
        <svg
          class="arrow absolute size-full text-bluedot-normal"
        >
          <defs>
            <marker
              id="arrowhead"
              markerHeight="8"
              markerWidth="8"
              orient="auto"
              refX="5"
              refY="4"
              viewBox="0 0 8 8"
            >
              <path
                d="M1.5,1 L5,4 L1.5,7"
                fill="none"
                stroke="currentColor"
                stroke-linecap="round"
              />
            </marker>
          </defs>
          <line
            stroke="currentColor"
            stroke-width="2px"
            x1="-12"
            x2="calc(0px + 16px)"
            y1="0"
            y2="0"
          />
          <g
            style="transform: translate(calc(calc(0px + 16px) - 16px), 0px) scale(-1, 1) rotate(0deg); transform-origin: 8px 8px;"
          >
            <path
              d="M0,0 A16,16 0 0,1 16,16"
              fill="none"
              stroke="currentColor"
              stroke-width="2px"
            />
          </g>
          <line
            marker-end="url(#arrowhead)"
            stroke="currentColor"
            stroke-width="2px"
            x1="0px"
            x2="0px"
            y1="16"
            y2="-12"
          />
        </svg>
      </div>
    </div>
  </section>
</div>
`;
