// Vitest Snapshot v1, https://vitest.dev/guide/snapshot.html

exports[`HistorySection > renders default as expected 1`] = `
<div>
  <div
    class="section w-full md:px-gutter px-gutter-sm my-8 history-section"
  >
    <div
      class="section__title-container flex justify-between items-center gap-4"
    >
      <div
        class="section__content flex-1"
      >
        <h2
          class="section__title mb-4 relative after:w-full"
        >
          Our history
        </h2>
      </div>
    </div>
    <div
      class="section__body"
    >
      <div
        class="history-section__container flex flex-col gap-8"
      >
        <div
          class="history-section__event-container w-full flex flex-row gap-12 p-8 container-lined"
        >
          <strong
            class="history-section__year"
          >
            2021
          </strong>
          <p
            class="history-section__event-title"
          >
            Before BlueDot, we began as a University of Cambridge student group, hosting discussions on transformative emerging technologies.
          </p>
        </div>
        <div
          class="history-section__event-container w-full flex flex-row gap-12 p-8 container-lined"
        >
          <strong
            class="history-section__year"
          >
            2022
          </strong>
          <p
            class="history-section__event-title"
          >
            Launched our first AI Safety course with 400+ participants, founded BlueDot Impact, and established our London headquarters.
          </p>
        </div>
        <div
          class="history-section__event-container w-full flex flex-row gap-12 p-8 container-lined"
        >
          <strong
            class="history-section__year"
          >
            2023
          </strong>
          <p
            class="history-section__event-title"
          >
            Delivered a new course every four months, training 800+ people in AI Alignment, Governance, and Biosecurity.
          </p>
        </div>
        <div
          class="history-section__event-container w-full flex flex-row gap-12 p-8 container-lined"
        >
          <strong
            class="history-section__year"
          >
            2024
          </strong>
          <p
            class="history-section__event-title"
          >
            Accelerated to monthly courses, reaching 3,000+ participants worldwide. Over 400 of our course graduates now work in AI Safety.
          </p>
        </div>
        <div
          class="history-section__event-container w-full flex flex-row gap-12 p-8 border bg-bluedot-lighter border-bluedot-light rounded-xl"
        >
          <strong
            class="history-section__year"
          >
            2025
          </strong>
          <p
            class="history-section__event-title"
          >
            Launching multiple courses weekly and expanding a world-class team to scale our global impact.
          </p>
        </div>
      </div>
    </div>
  </div>
</div>
`;
