// Vitest Snapshot v1, https://vitest.dev/guide/snapshot.html

exports[`IncubatorWeekLander > renders the complete page correctly (snapshot) 1`] = `
<div>
  <div
    class="bg-white"
  >
    <title>
      Incubator Week | BlueDot Impact
    </title>
    <meta
      content="A 5-day intensive for founders building organizations to make AI go well. Develop threat models, design interventions, pitch for funding. All expenses paid in London."
      name="description"
    />
    <meta
      content="Incubator Week | BlueDot Impact"
      property="og:title"
    />
    <meta
      content="A 5-day intensive for founders building organizations to make AI go well. Develop threat models, design interventions, pitch for funding. All expenses paid in London."
      property="og:description"
    />
    <meta
      content="https://bluedot.org/images/courses/link-preview/incubator-week.png"
      property="og:image"
    />
    <meta
      content="1200"
      property="og:image:width"
    />
    <meta
      content="630"
      property="og:image:height"
    />
    <meta
      content="Incubator Week | BlueDot Impact"
      property="og:image:alt"
    />
    <meta
      content="website"
      property="og:type"
    />
    <meta
      content="BlueDot Impact"
      property="og:site_name"
    />
    <meta
      content="https://bluedot.org/courses/incubator-week"
      property="og:url"
    />
    <meta
      content="summary_large_image"
      name="twitter:card"
    />
    <meta
      content="Incubator Week | BlueDot Impact"
      name="twitter:title"
    />
    <meta
      content="A 5-day intensive for founders building organizations to make AI go well. Develop threat models, design interventions, pitch for funding. All expenses paid in London."
      name="twitter:description"
    />
    <meta
      content="https://bluedot.org/images/courses/link-preview/incubator-week.png"
      name="twitter:image"
    />
    <nav
      class="nav absolute top-0 inset-x-0 z-50 w-full transition-all duration-300 bg-transparent border-b border-white/15"
    >
      <div
        class="nav__container section-base"
      >
        <div
          class="nav__bar w-full flex justify-between items-center min-h-(--nav-height-mobile) min-[1024px]:min-h-(--nav-height-desktop)"
        >
          <div
            class="flex items-center"
          >
            <div
              class="mobile-nav-links lg:hidden"
            >
              <button
                class="icon-button size-[32px] flex items-center justify-center hover:cursor-pointer mobile-nav-links__btn text-white [&_svg]:text-white"
                type="button"
              >
                <svg
                  fill="none"
                  height="48"
                  viewBox="0 0 48 48"
                  width="48"
                  xmlns="http://www.w3.org/2000/svg"
                >
                  <path
                    d="M16 18H32"
                    stroke="currentColor"
                    stroke-linecap="round"
                    stroke-width="2"
                  />
                  <path
                    d="M16 24H32"
                    stroke="currentColor"
                    stroke-linecap="round"
                    stroke-width="2"
                  />
                  <path
                    d="M16 30H32"
                    stroke="currentColor"
                    stroke-linecap="round"
                    stroke-width="2"
                  />
                </svg>
              </button>
              <div
                class="mobile-nav-links__drawer absolute top-[60px] min-[1024px]:top-[76px] left-0 w-full lg:-left-spacing-x lg:w-[calc(100%+(var(--spacing-x)*2))] px-spacing-x transition-all duration-300 ease-in-out bg-white max-h-0 opacity-0 pb-0 pointer-events-none overflow-hidden"
              >
                <div
                  class="mobile-nav-links__drawer-content flex flex-col grow font-medium pb-8 pt-2 lg:hidden"
                  role="presentation"
                >
                  <div
                    class="nav-links flex gap-9 [&>*]:w-fit mobile-nav-links__nav-links flex-col"
                  >
                    <div
                      class="nav-dropdown"
                    >
                      <button
                        aria-controls="courses-dropdown"
                        aria-expanded="false"
                        class="nav-dropdown__btn flex items-center gap-2 cursor-pointer nav-link nav-link-animation w-fit no-underline text-size-sm font-[450] leading-[160%] align-middle text-white hover:text-white nav-link-animation-dark"
                        type="button"
                      >
                        Courses
                        <svg
                          class="size-5 flex-shrink-0 transition-all duration-300 ease-in-out opacity-100"
                          fill="none"
                          height="1em"
                          stroke="currentColor"
                          stroke-width="0"
                          viewBox="0 0 24 24"
                          width="1em"
                          xmlns="http://www.w3.org/2000/svg"
                        >
                          <path
                            d="M6.34317 7.75732L4.92896 9.17154L12 16.2426L19.0711 9.17157L17.6569 7.75735L12 13.4142L6.34317 7.75732Z"
                            fill="currentColor"
                          />
                        </svg>
                      </button>
                      <div
                        aria-label="Courses menu"
                        class="nav-dropdown__content-wrapper pointer-events-none absolute top-[60px] min-[1024px]:top-[76px] left-0 w-full lg:-left-spacing-x lg:w-[calc(100%+(var(--spacing-x)*2))] px-spacing-x transition-all duration-300 ease-in-out bg-white max-h-0 opacity-0 pb-0 pointer-events-none overflow-hidden"
                        id="courses-dropdown"
                        role="region"
                      >
                        <div
                          class="nav-dropdown__dropdown-content flex flex-col gap-3 w-fit mx-auto text-pretty"
                        >
                          <div
                            class="progress-dots my-6 flex items-center justify-center space-x-2 py-2"
                          >
                            <span
                              class="size-2 bg-bluedot-normal rounded-full animate-bounce"
                              style="animation-delay: 0ms;"
                            />
                            <span
                              class="size-2 bg-bluedot-normal rounded-full animate-bounce"
                              style="animation-delay: 150ms;"
                            />
                            <span
                              class="size-2 bg-bluedot-normal rounded-full animate-bounce"
                              style="animation-delay: 300ms;"
                            />
                          </div>
                        </div>
                      </div>
                    </div>
                    <a
                      aria-label="Events (opens in new tab)"
                      class="bluedot-a not-prose nav-link nav-link-animation w-fit no-underline text-size-sm font-[450] leading-[160%] align-middle text-white hover:text-white nav-link-animation-dark"
                      href="https://lu.ma/bluedotevents?utm_source=website&utm_campaign=nav"
                      rel="noopener noreferrer"
                      tabindex="0"
                      target="_blank"
                    >
                      Events
                    </a>
                    <a
                      aria-label="Blog (opens in new tab)"
                      class="bluedot-a not-prose nav-link nav-link-animation w-fit no-underline text-size-sm font-[450] leading-[160%] align-middle text-white hover:text-white nav-link-animation-dark"
                      href="https://blog.bluedot.org"
                      rel="noopener noreferrer"
                      tabindex="0"
                      target="_blank"
                    >
                      Blog
                    </a>
                    <a
                      class="bluedot-a not-prose nav-link nav-link-animation w-fit no-underline text-size-sm font-[450] leading-[160%] align-middle text-white hover:text-white nav-link-animation-dark"
                      href="/about"
                      tabindex="0"
                    >
                      About
                    </a>
                    <a
                      class="bluedot-a not-prose nav-link nav-link-animation w-fit no-underline text-size-sm font-[450] leading-[160%] align-middle text-white hover:text-white nav-link-animation-dark"
                      href="/join-us"
                      tabindex="0"
                    >
                      Jobs
                    </a>
                  </div>
                  <div
                    class="mobile-nav-cta flex flex-col gap-4 pt-6 mt-6 border-t border-color-divider"
                  >
                    <a
                      class="cta-button transition-all duration-200 w-fit whitespace-nowrap cursor-pointer not-prose disabled:opacity-50 disabled:pointer-events-none aria-disabled:opacity-50 aria-disabled:pointer-events-none text-sm cta-button--primary link-on-dark mobile-nav-cta__join hidden max-[679px]:flex px-3 py-[5px] rounded-[5px] font-[450] leading-[160%] items-center justify-center bg-bluedot-normal hover:bg-[#1a3599] text-white hover:text-white"
                      href="/login?register=true&redirect_to=%2Fcourses%2Fincubator-week"
                      tabindex="0"
                    >
                      Start for free
                    </a>
                  </div>
                </div>
              </div>
            </div>
            <a
              class="bluedot-a not-prose logo shrink-0 w-[151px] min-[681px]:w-[200px] no-underline"
              href="/"
              tabindex="0"
            >
              <img
                alt="BlueDot Impact Logo"
                class="logo__img h-5 min-[681px]:h-6 mr-auto transition-all duration-300"
                src="/images/logo/BlueDot_Impact_Logo_White.svg"
              />
            </a>
          </div>
          <div
            class="flex items-center gap-12"
          >
            <div
              class="nav-links flex gap-9 [&>*]:w-fit hidden lg:flex"
            >
              <div
                class="nav-dropdown"
              >
                <button
                  aria-controls="courses-dropdown"
                  aria-expanded="false"
                  class="nav-dropdown__btn flex items-center gap-2 cursor-pointer nav-link nav-link-animation w-fit no-underline text-size-sm font-[450] leading-[160%] align-middle text-white hover:text-white nav-link-animation-dark"
                  type="button"
                >
                  Courses
                  <svg
                    class="size-5 flex-shrink-0 transition-all duration-300 ease-in-out opacity-100"
                    fill="none"
                    height="1em"
                    stroke="currentColor"
                    stroke-width="0"
                    viewBox="0 0 24 24"
                    width="1em"
                    xmlns="http://www.w3.org/2000/svg"
                  >
                    <path
                      d="M6.34317 7.75732L4.92896 9.17154L12 16.2426L19.0711 9.17157L17.6569 7.75735L12 13.4142L6.34317 7.75732Z"
                      fill="currentColor"
                    />
                  </svg>
                </button>
                <div
                  aria-label="Courses menu"
                  class="nav-dropdown__content-wrapper pointer-events-none absolute top-[60px] min-[1024px]:top-[76px] left-0 w-full lg:-left-spacing-x lg:w-[calc(100%+(var(--spacing-x)*2))] px-spacing-x transition-all duration-300 ease-in-out bg-white max-h-0 opacity-0 pb-0 pointer-events-none overflow-hidden"
                  id="courses-dropdown"
                  role="region"
                >
                  <div
                    class="nav-dropdown__dropdown-content flex flex-col gap-3 w-fit mx-auto text-pretty"
                  >
                    <div
                      class="progress-dots my-6 flex items-center justify-center space-x-2 py-2"
                    >
                      <span
                        class="size-2 bg-bluedot-normal rounded-full animate-bounce"
                        style="animation-delay: 0ms;"
                      />
                      <span
                        class="size-2 bg-bluedot-normal rounded-full animate-bounce"
                        style="animation-delay: 150ms;"
                      />
                      <span
                        class="size-2 bg-bluedot-normal rounded-full animate-bounce"
                        style="animation-delay: 300ms;"
                      />
                    </div>
                  </div>
                </div>
              </div>
              <a
                aria-label="Events (opens in new tab)"
                class="bluedot-a not-prose nav-link nav-link-animation w-fit no-underline text-size-sm font-[450] leading-[160%] align-middle text-white hover:text-white nav-link-animation-dark"
                href="https://lu.ma/bluedotevents?utm_source=website&utm_campaign=nav"
                rel="noopener noreferrer"
                tabindex="0"
                target="_blank"
              >
                Events
              </a>
              <a
                aria-label="Blog (opens in new tab)"
                class="bluedot-a not-prose nav-link nav-link-animation w-fit no-underline text-size-sm font-[450] leading-[160%] align-middle text-white hover:text-white nav-link-animation-dark"
                href="https://blog.bluedot.org"
                rel="noopener noreferrer"
                tabindex="0"
                target="_blank"
              >
                Blog
              </a>
              <a
                class="bluedot-a not-prose nav-link nav-link-animation w-fit no-underline text-size-sm font-[450] leading-[160%] align-middle text-white hover:text-white nav-link-animation-dark"
                href="/about"
                tabindex="0"
              >
                About
              </a>
              <a
                class="bluedot-a not-prose nav-link nav-link-animation w-fit no-underline text-size-sm font-[450] leading-[160%] align-middle text-white hover:text-white nav-link-animation-dark"
                href="/join-us"
                tabindex="0"
              >
                Jobs
              </a>
            </div>
            <div
              class="nav-cta flex flex-row items-center gap-4"
            >
              <a
                class="cta-button transition-all duration-200 w-fit whitespace-nowrap cursor-pointer not-prose disabled:opacity-50 disabled:pointer-events-none aria-disabled:opacity-50 aria-disabled:pointer-events-none text-sm cta-button--secondary nav-cta__secondary-cta flex px-3 py-[5px] rounded-[5px] font-[450] leading-[160%] items-center justify-center bg-white/15 border border-white/20 text-white hover:text-white hover:bg-white/20 backdrop-blur-sm"
                href="/login?redirect_to=%2Fcourses%2Fincubator-week"
                tabindex="0"
              >
                Sign in
              </a>
              <a
                class="cta-button transition-all duration-200 w-fit whitespace-nowrap cursor-pointer not-prose disabled:opacity-50 disabled:pointer-events-none aria-disabled:opacity-50 aria-disabled:pointer-events-none text-sm cta-button--primary link-on-dark nav-cta__primary-cta hidden min-[680px]:flex px-3 py-[5px] rounded-[5px] font-[450] leading-[160%] items-center justify-center bg-white hover:bg-white/90 text-[#02034B] hover:text-[#02034B]"
                href="/login?register=true&redirect_to=%2Fcourses%2Fincubator-week"
                tabindex="0"
              >
                Start for free
              </a>
            </div>
          </div>
        </div>
      </div>
    </nav>
    <section
      class="w-full "
    >
      <div
        class="relative max-w-max-width mx-auto px-8 min-[1024px]:pl-[80px] min-[1024px]:pr-0"
      >
        <div
          class="flex flex-col items-center gap-8 pt-[calc(var(--nav-height-mobile)+32px)] pb-8 min-[680px]:pt-[calc(var(--nav-height-mobile)+48px)] min-[1024px]:hidden"
        >
          <div
            class="flex items-center justify-center w-[280px] min-[680px]:w-[400px]"
            style="aspect-ratio: 1408 / 1122;"
          >
            <img
              alt="Incubator Week visualization"
              class="size-full object-contain"
              src="/images/lander/agi-strategy/hero-graphic.png"
            />
          </div>
          <div
            class="w-full flex flex-col items-center gap-5 text-center"
          >
            <div
              class="space-y-4"
            >
              <p
                class="bluedot-p not-prose text-[14px] font-medium tracking-[0.28px] leading-[1.6] uppercase"
                style="color: #FF8C8C;"
              >
                5-DAY INTENSIVE
              </p>
              <h1
                class="text-[32px] min-[680px]:text-[40px] leading-tight font-semibold tracking-[-0.5px] text-white"
              >
                Incubator Week
              </h1>
              <p
                class="text-[16px] min-[680px]:text-[18px] leading-[1.6] opacity-80 text-white whitespace-pre-line"
              >
                Training isn't enough. We need new organizations to make AI go well. Incubator Week takes the strongest founders from our courses and backs them to build. Five days. All expenses paid. Pitch for funding on Friday.

Currently on hiatus. Fill out our application to join the waitlist for future cohorts.
              </p>
            </div>
            <div
              class="flex flex-col min-[680px]:flex-row gap-3 w-full min-[680px]:w-auto min-[680px]:justify-center"
            >
              <a
                class="cta-button flex items-center justify-center duration-200 whitespace-nowrap not-prose disabled:opacity-50 disabled:pointer-events-none aria-disabled:opacity-50 aria-disabled:pointer-events-none h-[50px] px-5 py-3 text-[16px] font-medium rounded-md cursor-pointer transition-all text-[#13132e] w-full min-[680px]:w-auto hover:brightness-90"
                href="https://web.miniextensions.com/9UQbEOQ10oTYrqpIOwVS"
                style="background-color: #FF8C8C;"
                tabindex="0"
              >
                Apply now
              </a>
              <a
                class="cta-button flex items-center justify-center duration-200 whitespace-nowrap not-prose disabled:opacity-50 disabled:pointer-events-none aria-disabled:opacity-50 aria-disabled:pointer-events-none h-[50px] px-5 py-3 text-[16px] font-medium rounded-md bg-transparent cursor-pointer transition-all border w-full min-[680px]:w-auto hover:bg-white/10"
                href="/courses/incubator-week/1/1"
                style="border-color: #FF8C8C; color: #FF8C8C;"
                tabindex="0"
              >
                Browse curriculum
              </a>
            </div>
          </div>
        </div>
        <div
          class="hidden min-[1024px]:block"
        >
          <div
            class="w-3/5 min-h-[600px] flex items-center pt-[var(--nav-height-desktop)] pr-[200px]"
          >
            <div
              class="w-full space-y-8"
            >
              <div
                class="space-y-4"
              >
                <p
                  class="bluedot-p not-prose text-[14px] font-medium tracking-[0.28px] leading-[1.6] uppercase"
                  style="color: #FF8C8C;"
                >
                  5-DAY INTENSIVE
                </p>
                <h1
                  class="bluedot-h1 not-prose text-[40px] xl:text-5xl leading-tight font-semibold tracking-[-0.5px] text-white"
                >
                  Incubator Week
                </h1>
                <p
                  class="bluedot-p not-prose text-size-md leading-[1.6] opacity-80 text-white whitespace-pre-line"
                >
                  Training isn't enough. We need new organizations to make AI go well. Incubator Week takes the strongest founders from our courses and backs them to build. Five days. All expenses paid. Pitch for funding on Friday.

Currently on hiatus. Fill out our application to join the waitlist for future cohorts.
                </p>
              </div>
              <div
                class="flex gap-3"
              >
                <a
                  class="cta-button flex items-center justify-center duration-200 w-fit whitespace-nowrap not-prose disabled:opacity-50 disabled:pointer-events-none aria-disabled:opacity-50 aria-disabled:pointer-events-none h-[50px] px-5 py-2.5 text-[16px] font-medium rounded-md cursor-pointer transition-all text-[#13132e] hover:brightness-90"
                  href="https://web.miniextensions.com/9UQbEOQ10oTYrqpIOwVS"
                  style="background-color: #FF8C8C;"
                  tabindex="0"
                >
                  Apply now
                </a>
                <a
                  class="cta-button flex items-center justify-center duration-200 w-fit whitespace-nowrap not-prose disabled:opacity-50 disabled:pointer-events-none aria-disabled:opacity-50 aria-disabled:pointer-events-none h-[50px] px-5 py-2.5 text-[16px] font-medium rounded-md bg-transparent cursor-pointer transition-all border hover:bg-white/10"
                  href="/courses/incubator-week/1/1"
                  style="border-color: #FF8C8C; color: #FF8C8C;"
                  tabindex="0"
                >
                  Browse curriculum
                </a>
              </div>
            </div>
          </div>
          <div
            class="absolute right-0 bottom-0 w-1/2 top-[var(--nav-height-desktop)]"
          >
            <img
              alt="Incubator Week visualization"
              class="size-full object-contain"
              src="/images/lander/agi-strategy/hero-graphic.png"
              style="object-position: right center;"
            />
          </div>
        </div>
      </div>
    </section>
    <div
      class="border-t-hairline border-color-divider"
    />
    <div
      data-testid="graduate-section"
    >
      Graduate Section
    </div>
    <div
      class="border-t-hairline border-color-divider"
    />
    <section
      class="w-full bg-white"
    >
      <div
        class="max-w-max-width mx-auto px-5 py-12 min-[680px]:px-8 min-[680px]:py-16 min-[1024px]:px-spacing-x min-[1280px]:py-24 xl:py-24"
      >
        <h2
          class="bluedot-h2 not-prose text-[28px] min-[680px]:text-[32px] xl:text-[36px] font-semibold leading-[125%] text-[#13132E] text-center mb-12 md:mb-16 tracking-[-0.01em]"
        >
          Who this is for
        </h2>
        <div
          class="grid grid-cols-1 min-[680px]:grid-cols-2 md:grid-cols-2 lg:grid-cols-3 gap-6 md:gap-8"
        >
          <div
            class="flex flex-col items-center min-[680px]:items-start gap-6 min-[680px]:justify-start min-[768px]:justify-start min-[1200px]:justify-start bg-white border border-[rgba(19,19,46,0.1)] rounded-xl p-8 min-[680px]:min-h-[288px] mx-auto md:mx-0 max-w-[350px] min-[680px]:max-w-[296px] md:max-w-none min-[1200px]:min-h-[264px]"
          >
            <div
              class="size-14 min-[680px]:size-14 rounded-lg flex items-center justify-center flex-shrink-0 "
              style="background-color: #5C1F2E;"
            >
              <svg
                class="text-white"
                fill="currentColor"
                height="28"
                stroke="currentColor"
                stroke-width="0"
                viewBox="0 0 256 256"
                width="28"
                xmlns="http://www.w3.org/2000/svg"
              >
                <path
                  d="M216,56H176V48a24,24,0,0,0-24-24H104A24,24,0,0,0,80,48v8H40A16,16,0,0,0,24,72V200a16,16,0,0,0,16,16H216a16,16,0,0,0,16-16V72A16,16,0,0,0,216,56ZM96,48a8,8,0,0,1,8-8h48a8,8,0,0,1,8,8v8H96ZM216,72v41.61A184,184,0,0,1,128,136a184.07,184.07,0,0,1-88-22.38V72Zm0,128H40V131.64A200.19,200.19,0,0,0,128,152a200.25,200.25,0,0,0,88-20.37V200ZM104,112a8,8,0,0,1,8-8h32a8,8,0,0,1,0,16H112A8,8,0,0,1,104,112Z"
                />
              </svg>
            </div>
            <p
              class="bluedot-p not-prose text-[18px] min-[680px]:leading-[160%] leading-[1.6] text-[#13132E]"
            >
              <span
                class="font-semibold"
              >
                For technical founders
              </span>
              <span>
                 
                who've identified a gap in AI safety infrastructure and want to fill it.
              </span>
            </p>
          </div>
          <div
            class="flex flex-col items-center min-[680px]:items-start gap-6 min-[680px]:justify-start min-[768px]:justify-start min-[1200px]:justify-start bg-white border border-[rgba(19,19,46,0.1)] rounded-xl p-8 min-[680px]:min-h-[288px] mx-auto md:mx-0 max-w-[350px] min-[680px]:max-w-[296px] md:max-w-none min-[1200px]:min-h-[264px]"
          >
            <div
              class="size-14 min-[680px]:size-14 rounded-lg flex items-center justify-center flex-shrink-0 "
              style="background-color: #5C1F2E;"
            >
              <svg
                class="text-white"
                fill="currentColor"
                height="28"
                stroke="currentColor"
                stroke-width="0"
                viewBox="0 0 256 256"
                width="28"
                xmlns="http://www.w3.org/2000/svg"
              >
                <path
                  d="M221.69,199.77,160,96.92V40h8a8,8,0,0,0,0-16H88a8,8,0,0,0,0,16h8V96.92L34.31,199.77A16,16,0,0,0,48,224H208a16,16,0,0,0,13.72-24.23ZM110.86,103.25A7.93,7.93,0,0,0,112,99.14V40h32V99.14a7.93,7.93,0,0,0,1.14,4.11L183.36,167c-12,2.37-29.07,1.37-51.75-10.11-15.91-8.05-31.05-12.32-45.22-12.81ZM48,208l28.54-47.58c14.25-1.74,30.31,1.85,47.82,10.72,19,9.61,35,12.88,48,12.88a69.89,69.89,0,0,0,19.55-2.7L208,208Z"
                />
              </svg>
            </div>
            <p
              class="bluedot-p not-prose text-[18px] min-[680px]:leading-[160%] leading-[1.6] text-[#13132E]"
            >
              <span
                class="font-semibold"
              >
                For researchers
              </span>
              <span>
                 
                ready to leave the lab and ship something that changes behavior, not just beliefs.
              </span>
            </p>
          </div>
          <div
            class="flex flex-col items-center min-[680px]:items-start gap-6 min-[680px]:justify-start min-[768px]:justify-start min-[1200px]:justify-start bg-white border border-[rgba(19,19,46,0.1)] rounded-xl p-8 min-[680px]:min-h-[288px] mx-auto md:mx-0 max-w-[350px] min-[680px]:max-w-[296px] md:max-w-none min-[1200px]:min-h-[264px]"
          >
            <div
              class="size-14 min-[680px]:size-14 rounded-lg flex items-center justify-center flex-shrink-0 "
              style="background-color: #5C1F2E;"
            >
              <svg
                class="text-white"
                fill="currentColor"
                height="28"
                stroke="currentColor"
                stroke-width="0"
                viewBox="0 0 256 256"
                width="28"
                xmlns="http://www.w3.org/2000/svg"
              >
                <path
                  d="M128,24A104,104,0,1,0,232,128,104.11,104.11,0,0,0,128,24Zm0,192a88,88,0,1,1,88-88A88.1,88.1,0,0,1,128,216ZM172.42,72.84l-64,32a8.05,8.05,0,0,0-3.58,3.58l-32,64A8,8,0,0,0,80,184a8.1,8.1,0,0,0,3.58-.84l64-32a8.05,8.05,0,0,0,3.58-3.58l32-64a8,8,0,0,0-10.74-10.74ZM138,138,97.89,158.11,118,118l40.15-20.07Z"
                />
              </svg>
            </div>
            <p
              class="bluedot-p not-prose text-[18px] min-[680px]:leading-[160%] leading-[1.6] text-[#13132E]"
            >
              <span
                class="font-semibold"
              >
                For operators
              </span>
              <span>
                 
                who've seen how AI deployment actually works and know what's missing.
              </span>
            </p>
          </div>
        </div>
        <div
          class="w-full max-w-[924px] mx-auto flex flex-col items-center gap-6 mt-12 md:mt-16"
        >
          <p
            class="bluedot-p not-prose text-size-sm text-[#13132E]/80 text-center"
          >
            <span
              class="font-semibold"
            >
              We select from our AGI Strategy and Technical AI Safety courses.
            </span>
            <span>
               
              We're looking for people who can complete this sentence: "Last year I built ___ which resulted in ___." Apply to our courses first, and we'll invite the strongest participants to Incubator Week.
            </span>
          </p>
          <a
            class="cta-button flex items-center justify-center transition-all duration-200 w-fit whitespace-nowrap cursor-pointer not-prose disabled:opacity-50 disabled:pointer-events-none aria-disabled:opacity-50 aria-disabled:pointer-events-none text-sm px-4 py-3 rounded-sm cta-button--outline-black bg-transparent border border-[rgba(19,19,46,0.3)] text-black hover:bg-gray-50 font-medium"
            href="https://web.miniextensions.com/9UQbEOQ10oTYrqpIOwVS"
            tabindex="0"
          >
            Apply now
          </a>
        </div>
      </div>
    </section>
    <div
      class="border-t-hairline border-color-divider"
    />
    <section
      class="w-full bg-white"
    >
      <div
        class="max-w-max-width mx-auto px-5 py-12 min-[680px]:px-8 min-[680px]:py-16 md:px-spacing-x min-[1280px]:py-24 xl:py-24"
      >
        <h2
          class="bluedot-h2 not-prose text-[28px] min-[680px]:text-[32px] xl:text-[36px] font-semibold leading-[125%] text-[#13132E] text-center mb-16 tracking-[-0.01em]"
        >
          What you'll get
        </h2>
        <div
          class="grid grid-cols-1 md:grid-cols-2 lg:grid-cols-3 gap-8"
        >
          <div
            class="flex flex-col gap-6"
          >
            <div
              class="size-14 rounded-lg flex items-center justify-center flex-shrink-0"
              style="background-color: #FFE8E8;"
            >
              <svg
                class="text-black"
                fill="currentColor"
                height="28"
                stroke="currentColor"
                stroke-width="0"
                viewBox="0 0 256 256"
                width="28"
                xmlns="http://www.w3.org/2000/svg"
              >
                <path
                  d="M223.85,47.12a16,16,0,0,0-15-15c-12.58-.75-44.73.4-71.41,27.07L132.69,64H74.36A15.91,15.91,0,0,0,63,68.68L28.7,103a16,16,0,0,0,9.07,27.16l38.47,5.37,44.21,44.21,5.37,38.49a15.94,15.94,0,0,0,10.78,12.92,16.11,16.11,0,0,0,5.1.83A15.91,15.91,0,0,0,153,227.3L187.32,193A15.91,15.91,0,0,0,192,181.64V123.31l4.77-4.77C223.45,91.86,224.6,59.71,223.85,47.12ZM74.36,80h42.33L77.16,119.52,40,114.34Zm74.41-9.45a76.65,76.65,0,0,1,59.11-22.47,76.46,76.46,0,0,1-22.42,59.16L128,164.68,91.32,128ZM176,181.64,141.67,216l-5.19-37.17L176,139.31Zm-74.16,9.5C97.34,201,82.29,224,40,224a8,8,0,0,1-8-8c0-42.29,23-57.34,32.86-61.85a8,8,0,0,1,6.64,14.56c-6.43,2.93-20.62,12.36-23.12,38.91,26.55-2.5,36-16.69,38.91-23.12a8,8,0,1,1,14.56,6.64Z"
                />
              </svg>
            </div>
            <div
              class="space-y-2"
            >
              <h3
                class="bluedot-h3 not-prose text-[18px] font-semibold leading-tight text-[#13132E]"
              >
                From problem to pitch in 5 days
              </h3>
              <p
                class="bluedot-p not-prose text-size-sm leading-[1.6] text-[#13132E] opacity-80"
              >
                Monday: develop threat models and identify top experts. Tuesday-Wednesday: build and iterate on interventions, call experts, attend our community social. Thursday: create your pitch. Friday: pitch to us for funding. You'll make more progress in a week than most make in months.
              </p>
            </div>
          </div>
          <div
            class="flex flex-col gap-6"
          >
            <div
              class="size-14 rounded-lg flex items-center justify-center flex-shrink-0"
              style="background-color: #FFE8E8;"
            >
              <svg
                class="text-black"
                fill="currentColor"
                height="28"
                stroke="currentColor"
                stroke-width="0"
                viewBox="0 0 256 256"
                width="28"
                xmlns="http://www.w3.org/2000/svg"
              >
                <path
                  d="M254.3,107.91,228.78,56.85a16,16,0,0,0-21.47-7.15L182.44,62.13,130.05,48.27a8.14,8.14,0,0,0-4.1,0L73.56,62.13,48.69,49.7a16,16,0,0,0-21.47,7.15L1.7,107.9a16,16,0,0,0,7.15,21.47l27,13.51,55.49,39.63a8.06,8.06,0,0,0,2.71,1.25l64,16a8,8,0,0,0,7.6-2.1l55.07-55.08,26.42-13.21a16,16,0,0,0,7.15-21.46Zm-54.89,33.37L165,113.72a8,8,0,0,0-10.68.61C136.51,132.27,116.66,130,104,122L147.24,80h31.81l27.21,54.41ZM41.53,64,62,74.22,36.43,125.27,16,115.06Zm116,119.13L99.42,168.61l-49.2-35.14,28-56L128,64.28l9.8,2.59-45,43.68-.08.09a16,16,0,0,0,2.72,24.81c20.56,13.13,45.37,11,64.91-5L188,152.66Zm62-57.87-25.52-51L214.47,64,240,115.06Zm-87.75,92.67a8,8,0,0,1-7.75,6.06,8.13,8.13,0,0,1-1.95-.24L80.41,213.33a7.89,7.89,0,0,1-2.71-1.25L51.35,193.26a8,8,0,0,1,9.3-13l25.11,17.94L126,208.24A8,8,0,0,1,131.82,217.94Z"
                />
              </svg>
            </div>
            <div
              class="space-y-2"
            >
              <h3
                class="bluedot-h3 not-prose text-[18px] font-semibold leading-tight text-[#13132E]"
              >
                Work alongside the best
              </h3>
              <p
                class="bluedot-p not-prose text-size-sm leading-[1.6] text-[#13132E] opacity-80"
              >
                You'll work from our office at LISA alongside Apollo Research, Workshop Labs, and other leading AI safety organizations. We bring in founders, funders, and experts throughout the week to accelerate your work.
              </p>
            </div>
          </div>
          <div
            class="flex flex-col gap-6"
          >
            <div
              class="size-14 rounded-lg flex items-center justify-center flex-shrink-0"
              style="background-color: #FFE8E8;"
            >
              <svg
                class="text-black"
                fill="currentColor"
                height="28"
                stroke="currentColor"
                stroke-width="0"
                viewBox="0 0 256 256"
                width="28"
                xmlns="http://www.w3.org/2000/svg"
              >
                <path
                  d="M152,120H136V56h8a32,32,0,0,1,32,32,8,8,0,0,0,16,0,48.05,48.05,0,0,0-48-48h-8V24a8,8,0,0,0-16,0V40h-8a48,48,0,0,0,0,96h8v64H104a32,32,0,0,1-32-32,8,8,0,0,0-16,0,48.05,48.05,0,0,0,48,48h16v16a8,8,0,0,0,16,0V216h16a48,48,0,0,0,0-96Zm-40,0a32,32,0,0,1,0-64h8v64Zm40,80H136V136h16a32,32,0,0,1,0,64Z"
                />
              </svg>
            </div>
            <div
              class="space-y-2"
            >
              <h3
                class="bluedot-h3 not-prose text-[18px] font-semibold leading-tight text-[#13132E]"
              >
                Get backed to build
              </h3>
              <p
                class="bluedot-p not-prose text-size-sm leading-[1.6] text-[#13132E] opacity-80"
              >
                Strong pitches receive initial grants of £50k+ to work on your project full-time. Our first batch backed Exona — they've since raised more, work from our co-working space, and are already hiring. We're putting our money where our mouth is.
              </p>
            </div>
          </div>
        </div>
      </div>
    </section>
    <div
      class="border-t-hairline border-color-divider"
    />
    <section
      class="w-full bg-white"
    >
      <div
        class="max-w-max-width mx-auto px-5 min-[680px]:px-8 min-[1024px]:px-12 min-[1280px]:px-44 xl:px-40 py-12 min-[680px]:py-16 min-[1280px]:py-24 xl:py-24 flex flex-col items-center gap-12 md:gap-16"
      >
        <h2
          class="bluedot-h2 not-prose text-[28px] min-[680px]:text-[32px] xl:text-[36px] text-center font-semibold leading-[125%] text-[#13132E] tracking-[-0.01em]"
        >
          Program information
        </h2>
        <div
          class="w-[calc(100vw-40px)] min-[680px]:w-[calc(100vw-64px)] lg:w-[928px] xl:w-[1120px] bg-white border border-[rgba(19,19,46,0.1)] rounded-xl py-8 flex flex-col items-center gap-6"
        >
          <div
            class="flex flex-col w-full"
          >
            <div>
              <div
                class="flex flex-col md:flex-row items-start px-5 md:px-8 py-0 gap-2 md:gap-8"
              >
                <div
                  class="md:w-[120px] min-[1024px]:w-[144px] xl:w-[160px] shrink-0"
                >
                  <p
                    class="bluedot-p not-prose text-[16px] font-semibold leading-[125%] text-[#13132E]"
                  >
                    The week
                  </p>
                </div>
                <div
                  class="flex-1 min-w-0"
                >
                  <p
                    class="bluedot-p not-prose text-[15px] leading-[160%] text-[#13132E] opacity-80 font-normal"
                  >
                    <span
                      class="font-semibold"
                    >
                      Monday:
                    </span>
                     Threat models and problem space exploration.
                    <br />
                    <span
                      class="font-semibold"
                    >
                      Tue-Wed:
                    </span>
                     Build interventions, call experts, community social.
                    <br />
                    <span
                      class="font-semibold"
                    >
                      Thursday:
                    </span>
                     Create your pitch.
                    <br />
                    <span
                      class="font-semibold"
                    >
                      Friday:
                    </span>
                     Pitch for funding.
                  </p>
                </div>
              </div>
              <div
                class="w-full h-px bg-[#13132E] opacity-10 my-6"
              />
            </div>
            <div>
              <div
                class="flex flex-col md:flex-row items-start px-5 md:px-8 py-0 gap-2 md:gap-8"
              >
                <div
                  class="md:w-[120px] min-[1024px]:w-[144px] xl:w-[160px] shrink-0"
                >
                  <p
                    class="bluedot-p not-prose text-[16px] font-semibold leading-[125%] text-[#13132E]"
                  >
                    Location
                  </p>
                </div>
                <div
                  class="flex-1 min-w-0"
                >
                  <p
                    class="bluedot-p not-prose text-[15px] leading-[160%] text-[#13132E] opacity-80 font-normal"
                  >
                    In-person in London, working from LISA alongside Apollo Research and other leading organizations. We'll fly you in and cover all expenses.
                  </p>
                </div>
              </div>
              <div
                class="w-full h-px bg-[#13132E] opacity-10 my-6"
              />
            </div>
            <div>
              <div
                class="flex flex-col md:flex-row items-start px-5 md:px-8 py-0 gap-2 md:gap-8"
              >
                <div
                  class="md:w-[120px] min-[1024px]:w-[144px] xl:w-[160px] shrink-0"
                >
                  <p
                    class="bluedot-p not-prose text-[16px] font-semibold leading-[125%] text-[#13132E]"
                  >
                    Focus areas
                  </p>
                </div>
                <div
                  class="flex-1 min-w-0"
                >
                  <p
                    class="bluedot-p not-prose text-[15px] leading-[160%] text-[#13132E] opacity-80 font-normal"
                  >
                    AI safety, biosecurity, cybersecurity, and other catastrophic risk reduction. For now we're focused on for-profit companies.
                  </p>
                </div>
              </div>
              <div
                class="w-full h-px bg-[#13132E] opacity-10 my-6"
              />
            </div>
            <div>
              <div
                class="flex flex-col md:flex-row items-start px-5 md:px-8 py-0 gap-2 md:gap-8"
              >
                <div
                  class="md:w-[120px] min-[1024px]:w-[144px] xl:w-[160px] shrink-0"
                >
                  <p
                    class="bluedot-p not-prose text-[16px] font-semibold leading-[125%] text-[#13132E]"
                  >
                    Schedule
                  </p>
                </div>
                <div
                  class="flex-1 min-w-0"
                >
                  <p
                    class="bluedot-p not-prose text-[15px] leading-[160%] text-[#13132E] opacity-80 font-normal"
                  >
                    Currently on hiatus. Fill out our application to join the waitlist for future cohorts.
                  </p>
                </div>
              </div>
            </div>
          </div>
        </div>
      </div>
    </section>
    <div
      class="border-t-hairline border-color-divider"
    />
    <section
      class="w-full bg-white"
    >
      <div
        class="max-w-max-width mx-auto px-5 min-[680px]:px-8 lg:px-spacing-x py-12 min-[680px]:pt-16 min-[680px]:pb-12 min-[1024px]:py-16 min-[1280px]:py-24"
      >
        <div
          class="max-w-[928px] mx-auto flex flex-col gap-12 md:gap-16"
        >
          <h2
            class="text-[28px] min-[680px]:text-[32px] xl:text-[36px] font-semibold leading-[125%] tracking-[-0.01em] text-[#13132E] text-center"
          >
            Frequently Asked Questions
          </h2>
          <div
            class="flex flex-col gap-6"
          >
            <div
              class="border border-[rgba(19,19,46,0.1)] bg-white rounded-xl overflow-hidden"
            >
              <button
                aria-controls="faq-answer-how-to-join"
                aria-expanded="false"
                class="w-full flex items-center gap-8 text-left px-8 cursor-pointer transition-all duration-300 ease py-6 hover:bg-gray-50"
                type="button"
              >
                <span
                  class="text-[18px] font-semibold leading-[125%] text-[#13132E] flex-grow"
                >
                  How do I join Incubator Week?
                </span>
                <svg
                  class="flex-shrink-0 transition-transform duration-300 ease "
                  fill="none"
                  height="17"
                  viewBox="0 0 16 17"
                  width="16"
                  xmlns="http://www.w3.org/2000/svg"
                >
                  <path
                    d="M0 8.5H16M8 0.5L8 16.5"
                    stroke="#001133"
                    stroke-width="2"
                  />
                </svg>
              </button>
              <div
                class="grid transition-[grid-template-rows] duration-300 ease grid-rows-[0fr]"
                id="faq-answer-how-to-join"
              >
                <div
                  class="overflow-hidden"
                >
                  <div
                    class="px-8 pb-6"
                  >
                    <div
                      class="text-[18px] font-normal leading-[160%] text-[#13132E] opacity-80"
                    >
                      The AGI Strategy Course and Technical AI Safety Course are our primary feeders. We filter the best participants through problem statement quality, then interview before inviting to Incubator Week.
                    </div>
                  </div>
                </div>
              </div>
            </div>
            <div
              class="border border-[rgba(19,19,46,0.1)] bg-white rounded-xl overflow-hidden"
            >
              <button
                aria-controls="faq-answer-solo-or-team"
                aria-expanded="false"
                class="w-full flex items-center gap-8 text-left px-8 cursor-pointer transition-all duration-300 ease py-6 hover:bg-gray-50"
                type="button"
              >
                <span
                  class="text-[18px] font-semibold leading-[125%] text-[#13132E] flex-grow"
                >
                  Can I apply solo or do I need a co-founder?
                </span>
                <svg
                  class="flex-shrink-0 transition-transform duration-300 ease "
                  fill="none"
                  height="17"
                  viewBox="0 0 16 17"
                  width="16"
                  xmlns="http://www.w3.org/2000/svg"
                >
                  <path
                    d="M0 8.5H16M8 0.5L8 16.5"
                    stroke="#001133"
                    stroke-width="2"
                  />
                </svg>
              </button>
              <div
                class="grid transition-[grid-template-rows] duration-300 ease grid-rows-[0fr]"
                id="faq-answer-solo-or-team"
              >
                <div
                  class="overflow-hidden"
                >
                  <div
                    class="px-8 pb-6"
                  >
                    <div
                      class="text-[18px] font-normal leading-[160%] text-[#13132E] opacity-80"
                    >
                      Both work. Solo founders are welcome — though we've learned that co-founder matching is hard, so coming with a partner (friend, classmate, existing co-founder) is a plus. We'll help facilitate connections during the week.
                    </div>
                  </div>
                </div>
              </div>
            </div>
            <div
              class="border border-[rgba(19,19,46,0.1)] bg-white rounded-xl overflow-hidden"
            >
              <button
                aria-controls="faq-answer-expenses"
                aria-expanded="false"
                class="w-full flex items-center gap-8 text-left px-8 cursor-pointer transition-all duration-300 ease py-6 hover:bg-gray-50"
                type="button"
              >
                <span
                  class="text-[18px] font-semibold leading-[125%] text-[#13132E] flex-grow"
                >
                  What expenses are covered?
                </span>
                <svg
                  class="flex-shrink-0 transition-transform duration-300 ease "
                  fill="none"
                  height="17"
                  viewBox="0 0 16 17"
                  width="16"
                  xmlns="http://www.w3.org/2000/svg"
                >
                  <path
                    d="M0 8.5H16M8 0.5L8 16.5"
                    stroke="#001133"
                    stroke-width="2"
                  />
                </svg>
              </button>
              <div
                class="grid transition-[grid-template-rows] duration-300 ease grid-rows-[0fr]"
                id="faq-answer-expenses"
              >
                <div
                  class="overflow-hidden"
                >
                  <div
                    class="px-8 pb-6"
                  >
                    <div
                      class="text-[18px] font-normal leading-[160%] text-[#13132E] opacity-80"
                    >
                      Everything. We'll fly you to London, provide accommodation, and cover all meals during the week. You just need to show up ready to build.
                    </div>
                  </div>
                </div>
              </div>
            </div>
            <div
              class="border border-[rgba(19,19,46,0.1)] bg-white rounded-xl overflow-hidden"
            >
              <button
                aria-controls="faq-answer-tracks"
                aria-expanded="false"
                class="w-full flex items-center gap-8 text-left px-8 cursor-pointer transition-all duration-300 ease py-6 hover:bg-gray-50"
                type="button"
              >
                <span
                  class="text-[18px] font-semibold leading-[125%] text-[#13132E] flex-grow"
                >
                  What tracks do you support?
                </span>
                <svg
                  class="flex-shrink-0 transition-transform duration-300 ease "
                  fill="none"
                  height="17"
                  viewBox="0 0 16 17"
                  width="16"
                  xmlns="http://www.w3.org/2000/svg"
                >
                  <path
                    d="M0 8.5H16M8 0.5L8 16.5"
                    stroke="#001133"
                    stroke-width="2"
                  />
                </svg>
              </button>
              <div
                class="grid transition-[grid-template-rows] duration-300 ease grid-rows-[0fr]"
                id="faq-answer-tracks"
              >
                <div
                  class="overflow-hidden"
                >
                  <div
                    class="px-8 pb-6"
                  >
                    <div
                      class="text-[18px] font-normal leading-[160%] text-[#13132E] opacity-80"
                    >
                      For now we're focused on for-profit companies. We're keen to explore other areas as well, especially policy entrepreneurship.
                    </div>
                  </div>
                </div>
              </div>
            </div>
            <div
              class="border border-[rgba(19,19,46,0.1)] bg-white rounded-xl overflow-hidden"
            >
              <button
                aria-controls="faq-answer-funding"
                aria-expanded="false"
                class="w-full flex items-center gap-8 text-left px-8 cursor-pointer transition-all duration-300 ease py-6 hover:bg-gray-50"
                type="button"
              >
                <span
                  class="text-[18px] font-semibold leading-[125%] text-[#13132E] flex-grow"
                >
                  How does the funding work?
                </span>
                <svg
                  class="flex-shrink-0 transition-transform duration-300 ease "
                  fill="none"
                  height="17"
                  viewBox="0 0 16 17"
                  width="16"
                  xmlns="http://www.w3.org/2000/svg"
                >
                  <path
                    d="M0 8.5H16M8 0.5L8 16.5"
                    stroke="#001133"
                    stroke-width="2"
                  />
                </svg>
              </button>
              <div
                class="grid transition-[grid-template-rows] duration-300 ease grid-rows-[0fr]"
                id="faq-answer-funding"
              >
                <div
                  class="overflow-hidden"
                >
                  <div
                    class="px-8 pb-6"
                  >
                    <div
                      class="text-[18px] font-normal leading-[160%] text-[#13132E] opacity-80"
                    >
                      Strong pitches on Friday receive initial grants of £50k+ to work on your project full-time. This is designed to help you build momentum in the months after Incubator Week.
                    </div>
                  </div>
                </div>
              </div>
            </div>
            <div
              class="border border-[rgba(19,19,46,0.1)] bg-white rounded-xl overflow-hidden"
            >
              <button
                aria-controls="faq-answer-bluedot"
                aria-expanded="false"
                class="w-full flex items-center gap-8 text-left px-8 cursor-pointer transition-all duration-300 ease py-6 hover:bg-gray-50"
                type="button"
              >
                <span
                  class="text-[18px] font-semibold leading-[125%] text-[#13132E] flex-grow"
                >
                  Who is BlueDot Impact?
                </span>
                <svg
                  class="flex-shrink-0 transition-transform duration-300 ease "
                  fill="none"
                  height="17"
                  viewBox="0 0 16 17"
                  width="16"
                  xmlns="http://www.w3.org/2000/svg"
                >
                  <path
                    d="M0 8.5H16M8 0.5L8 16.5"
                    stroke="#001133"
                    stroke-width="2"
                  />
                </svg>
              </button>
              <div
                class="grid transition-[grid-template-rows] duration-300 ease grid-rows-[0fr]"
                id="faq-answer-bluedot"
              >
                <div
                  class="overflow-hidden"
                >
                  <div
                    class="px-8 pb-6"
                  >
                    <div
                      class="text-[18px] font-normal leading-[160%] text-[#13132E] opacity-80"
                    >
                      We're a London-based nonprofit. Since 2022, we've trained over 6,000 people. Our courses are the main entry point into the AI safety field, with alumni now working at OpenAI, Anthropic, DeepMind, the UK AI Safety Institute, and many more.
                      <br />
                      <br />
                      Incubator Week is our program for the most entrepreneurial participants — the ones ready to build the organizations the world needs.
                    </div>
                  </div>
                </div>
              </div>
            </div>
          </div>
        </div>
      </div>
    </section>
    <section
      class="w-full bg-white pb-12 min-[680px]:pb-16 min-[1024px]:pb-16 min-[1280px]:pb-24"
    >
      <div
        class="max-w-max-width mx-auto px-5 min-[680px]:px-8 lg:px-spacing-x"
      >
        <div
          aria-label="Incubator Week banner"
          class="relative w-full h-[382px] min-[680px]:h-[360px] mx-auto overflow-hidden rounded-xl bg-[#13132E] bg-cover bg-center xl:max-w-[1118px]"
          role="img"
          style="background-image: url("/images/lander/agi-strategy/hero-banner-split.webp");"
        >
          <div
            class="absolute inset-0 pointer-events-none bg-contain bg-repeat mix-blend-soft-light"
            style="background-image: url("/images/agi-strategy/noise.webp");"
          />
          <div
            class="relative flex flex-col items-center justify-center h-full px-14 py-16 gap-8 text-center"
          >
            <img
              alt="BlueDot"
              class="w-8 h-[30px]"
              src="/images/agi-strategy/bluedot-icon.svg"
            />
            <h3
              class="bluedot-h3 not-prose max-w-[238px] min-[680px]:max-w-[496px] text-[20px] min-[680px]:text-[36px] font-[600] text-white leading-[140%] min-[680px]:leading-[125%]"
            >
              Ready to build something that matters?
            </h3>
            <a
              class="cta-button flex items-center justify-center transition-all duration-200 w-fit whitespace-nowrap cursor-pointer not-prose disabled:opacity-50 disabled:pointer-events-none aria-disabled:opacity-50 aria-disabled:pointer-events-none [--ghost-gray:#13132E] hover:text-(--ghost-gray) text-[16px] font-medium leading-[24px] px-5 py-3 h-12 bg-white text-[#13132E] rounded-md hover:bg-gray-100 focus-visible:outline-2 focus-visible:-outline-offset-2 focus-visible:outline-bluedot-normal"
              href="https://web.miniextensions.com/9UQbEOQ10oTYrqpIOwVS"
              tabindex="0"
            >
              Apply now
            </a>
          </div>
        </div>
      </div>
    </section>
  </div>
</div>
`;
