// Vitest Snapshot v1, https://vitest.dev/guide/snapshot.html

exports[`UnitLayout > renders first unit as expected 1`] = `
<div>
  <div>
    <div
      class="breadcrumbs bg-color-canvas border-b border-color-divider w-full py-space-between unit__breadcrumbs hidden md:block md:sticky md:top-16 z-10"
    >
      <nav
        aria-label="Breadcrumbs"
        class="breadcrumbs__nav section-base flex flex-row justify-between"
      >
        <ol
          class="breadcrumbs__list flex"
        >
          <li
            class="breadcrumbs__item flex items-center"
          >
            <a
              class="bluedot-a not-prose breadcrumbs__link no-underline"
              href="/"
              tabindex="0"
            >
              Home
            </a>
            <span
              class="breadcrumbs__separator mx-2"
            >
              &gt;
            </span>
          </li>
          <li
            class="breadcrumbs__item flex items-center"
          >
            <a
              class="bluedot-a not-prose breadcrumbs__link no-underline"
              href="/courses"
              tabindex="0"
            >
              Courses
            </a>
            <span
              class="breadcrumbs__separator mx-2"
            >
              &gt;
            </span>
          </li>
          <li
            class="breadcrumbs__item flex items-center"
          >
            <a
              class="bluedot-a not-prose breadcrumbs__link no-underline"
              href="/courses/test-course"
              tabindex="0"
            >
              What the fish [Test Course]
            </a>
          </li>
        </ol>
        <div
          class="unit__breadcrumbs-cta-container flex flex-row items-center gap-6"
        >
          <button
            aria-label="Previous"
            class="unit__breadcrumbs-cta flex flex-row items-center gap-1 no-underline cursor-pointer hover:text-color-primary disabled:opacity-50 disabled:hover:text-inherit disabled:cursor-not-allowed"
            disabled=""
            type="button"
          >
            <svg
              class="size-3"
              fill="currentColor"
              height="1em"
              stroke="currentColor"
              stroke-width="0"
              viewBox="0 0 448 512"
              width="1em"
              xmlns="http://www.w3.org/2000/svg"
            >
              <path
                d="M9.4 233.4c-12.5 12.5-12.5 32.8 0 45.3l160 160c12.5 12.5 32.8 12.5 45.3 0s12.5-32.8 0-45.3L109.2 288 416 288c17.7 0 32-14.3 32-32s-14.3-32-32-32l-306.7 0L214.6 118.6c12.5-12.5 12.5-32.8 0-45.3s-32.8-12.5-45.3 0l-160 160z"
              />
            </svg>
             Prev
          </button>
          <button
            aria-label="Next"
            class="unit__breadcrumbs-cta flex flex-row items-center gap-1 no-underline cursor-pointer hover:text-color-primary disabled:opacity-50 disabled:hover:text-inherit disabled:cursor-not-allowed"
            type="button"
          >
            Next 
            <svg
              class="size-3"
              fill="currentColor"
              height="1em"
              stroke="currentColor"
              stroke-width="0"
              viewBox="0 0 448 512"
              width="1em"
              xmlns="http://www.w3.org/2000/svg"
            >
              <path
                d="M438.6 278.6c12.5-12.5 12.5-32.8 0-45.3l-160-160c-12.5-12.5-32.8-12.5-45.3 0s-12.5 32.8 0 45.3L338.8 224 32 224c-17.7 0-32 14.3-32 32s14.3 32 32 32l306.7 0L233.4 393.4c-12.5 12.5-12.5 32.8 0 45.3s32.8 12.5 45.3 0l160-160z"
              />
            </svg>
          </button>
        </div>
      </nav>
    </div>
    <div
      class="mobile-unit-header bg-color-canvas border-b border-color-divider w-full p-3 unit__mobile-header md:hidden sticky top-16 z-10"
    >
      <nav
        class="mobile-unit-header__nav flex flex-row justify-between"
      >
        <button
          aria-label="Previous unit"
          class="bluedot-a not-prose mobile-unit-header__prev-unit-cta flex flex-row items-center gap-1 no-underline disabled:opacity-50"
          disabled=""
          type="button"
        >
          <img
            alt=""
            class="size-8"
            src="/icons/bubble-arrow.svg"
          />
        </button>
        <div
          class="mobile-unit-header__course-container flex flex-row gap-2 items-center"
        >
          <img
            alt=""
            class="size-8"
            src="/icons/course.svg"
          />
          <div
            class="mobile-unit-header__course-title-container flex flex-col"
          >
            <p
              class="mobile-unit-header__course-header text-size-xxs text-[#999eb3]"
            >
              What the fish [Test Course]
            </p>
            <p
              class="mobile-unit-header__course-title bluedot-h4 text-size-xs"
            >
              What can AI do today?
            </p>
          </div>
        </div>
        <button
          aria-label="Next unit"
          class="bluedot-a not-prose mobile-unit-header__next-unit-cta flex flex-row items-center gap-1 no-underline disabled:opacity-50"
          type="button"
        >
          <img
            alt=""
            class="size-8 rotate-180"
            src="/icons/bubble-arrow.svg"
          />
        </button>
      </nav>
    </div>
    <section
      class="section section-body unit__main !border-none"
    >
      <div
        class="section__body"
      >
        <div
          class="unit__content-container flex flex-col md:flex-row"
        >
          <div
            class="sidebar w-full md:w-[320px] flex flex-col hidden md:block md:fixed md:overflow-y-scroll md:max-h-[calc(100vh-57px-65px-42px)]"
          >
            <div
              class="sidebar__header-container flex flex-row gap-2 pb-6"
            >
              <img
                alt=""
                class="size-11"
                src="/icons/course.svg"
              />
              <div
                class="sidebar__title-container flex flex-col"
              >
                <p
                  class="sidebar__course-header text-size-sm text-[#999eb3]"
                >
                  Course
                </p>
                <p
                  class="sidebar__course-title bluedot-h4"
                >
                  What the fish [Test Course]
                </p>
              </div>
            </div>
            <div
              class="sidebar__content flex flex-col container-lined bg-white"
            >
              <details
                class="sidebar-collapsible max-w-max-width border-b border-color-divider last:border-b-0 group marker:hidden [&_summary::-webkit-details-marker]:hidden"
                open=""
              >
                <summary
                  class="sidebar-collapsible__header flex justify-between w-full p-4 text-left group-open:border-b border-color-divider cursor-pointer"
                >
                  <p
                    class="sidebar-collapsible__title font-bold"
                  >
                    1
                    . 
                    Basic Principles of Fish
                  </p>
                  <span
                    class="sidebar-collapsible__button flex items-center"
                  >
                    <svg
                      class="size-3 transition-transform group-open:rotate-90"
                      fill="currentColor"
                      height="1em"
                      stroke="currentColor"
                      stroke-width="0"
                      viewBox="0 0 320 512"
                      width="1em"
                      xmlns="http://www.w3.org/2000/svg"
                    >
                      <path
                        d="M310.6 233.4c12.5 12.5 12.5 32.8 0 45.3l-192 192c-12.5 12.5-32.8 12.5-45.3 0s-12.5-32.8 0-45.3L242.7 256 73.4 86.6c-12.5-12.5-12.5-32.8 0-45.3s32.8-12.5 45.3 0l192 192z"
                      />
                    </svg>
                  </span>
                </summary>
                <button
                  class="sidebar-collapsible__content block w-full text-left p-4 hover:bg-bluedot-lightest cursor-pointer border-l-4 border-color-primary bg-bluedot-lightest"
                  type="button"
                >
                  What can AI do today?
                </button>
                <button
                  class="sidebar-collapsible__content block w-full text-left p-4 hover:bg-bluedot-lightest cursor-pointer"
                  type="button"
                >
                  What can AI do today?
                </button>
              </details>
              <a
                class="bluedot-a not-prose sidebar-collapsible max-w-max-width border-b border-color-divider last:border-b-0 no-underline hover:text-color-secondary-text"
                href="http://localhost:3000/courses/test-course/2?chunk=0"
                tabindex="0"
              >
                <div
                  class="sidebar-collapsible__header flex justify-between w-full p-4 text-left border-color-divider"
                >
                  <p
                    class="sidebar-collapsible__title font-bold"
                  >
                    2
                    . 
                    What Fish Are People Catching, and Why?
                  </p>
                  <span
                    class="sidebar-collapsible__button flex items-center"
                  >
                    <svg
                      class="size-3"
                      fill="currentColor"
                      height="1em"
                      stroke="currentColor"
                      stroke-width="0"
                      viewBox="0 0 320 512"
                      width="1em"
                      xmlns="http://www.w3.org/2000/svg"
                    >
                      <path
                        d="M310.6 233.4c12.5 12.5 12.5 32.8 0 45.3l-192 192c-12.5 12.5-32.8 12.5-45.3 0s-12.5-32.8 0-45.3L242.7 256 73.4 86.6c-12.5-12.5-12.5-32.8 0-45.3s32.8-12.5 45.3 0l192 192z"
                      />
                    </svg>
                  </span>
                </div>
              </a>
              <a
                class="bluedot-a not-prose sidebar-collapsible max-w-max-width border-b border-color-divider last:border-b-0 no-underline hover:text-color-secondary-text"
                href="http://localhost:3000/courses/test-course/3?chunk=0"
                tabindex="0"
              >
                <div
                  class="sidebar-collapsible__header flex justify-between w-full p-4 text-left border-color-divider"
                >
                  <p
                    class="sidebar-collapsible__title font-bold"
                  >
                    3
                    . 
                    The Promise of Fish
                  </p>
                  <span
                    class="sidebar-collapsible__button flex items-center"
                  >
                    <svg
                      class="size-3"
                      fill="currentColor"
                      height="1em"
                      stroke="currentColor"
                      stroke-width="0"
                      viewBox="0 0 320 512"
                      width="1em"
                      xmlns="http://www.w3.org/2000/svg"
                    >
                      <path
                        d="M310.6 233.4c12.5 12.5 12.5 32.8 0 45.3l-192 192c-12.5 12.5-32.8 12.5-45.3 0s-12.5-32.8 0-45.3L242.7 256 73.4 86.6c-12.5-12.5-12.5-32.8 0-45.3s32.8-12.5 45.3 0l192 192z"
                      />
                    </svg>
                  </span>
                </div>
              </a>
              <a
                class="bluedot-a not-prose sidebar-collapsible max-w-max-width border-b border-color-divider last:border-b-0 no-underline hover:text-color-secondary-text"
                href="http://localhost:3000/courses/test-course/4?chunk=0"
                tabindex="0"
              >
                <div
                  class="sidebar-collapsible__header flex justify-between w-full p-4 text-left border-color-divider"
                >
                  <p
                    class="sidebar-collapsible__title font-bold"
                  >
                    4
                    . 
                    The Risks of Fish
                  </p>
                  <span
                    class="sidebar-collapsible__button flex items-center"
                  >
                    <svg
                      class="size-3"
                      fill="currentColor"
                      height="1em"
                      stroke="currentColor"
                      stroke-width="0"
                      viewBox="0 0 320 512"
                      width="1em"
                      xmlns="http://www.w3.org/2000/svg"
                    >
                      <path
                        d="M310.6 233.4c12.5 12.5 12.5 32.8 0 45.3l-192 192c-12.5 12.5-32.8 12.5-45.3 0s-12.5-32.8 0-45.3L242.7 256 73.4 86.6c-12.5-12.5-12.5-32.8 0-45.3s32.8-12.5 45.3 0l192 192z"
                      />
                    </svg>
                  </span>
                </div>
              </a>
              <a
                class="bluedot-a not-prose sidebar-collapsible max-w-max-width border-b border-color-divider last:border-b-0 no-underline hover:text-color-secondary-text"
                href="http://localhost:3000/courses/test-course/5?chunk=0"
                tabindex="0"
              >
                <div
                  class="sidebar-collapsible__header flex justify-between w-full p-4 text-left border-color-divider"
                >
                  <p
                    class="sidebar-collapsible__title font-bold"
                  >
                    5
                    . 
                    Contributing to Fish Safety
                  </p>
                  <span
                    class="sidebar-collapsible__button flex items-center"
                  >
                    <svg
                      class="size-3"
                      fill="currentColor"
                      height="1em"
                      stroke="currentColor"
                      stroke-width="0"
                      viewBox="0 0 320 512"
                      width="1em"
                      xmlns="http://www.w3.org/2000/svg"
                    >
                      <path
                        d="M310.6 233.4c12.5 12.5 12.5 32.8 0 45.3l-192 192c-12.5 12.5-32.8 12.5-45.3 0s-12.5-32.8 0-45.3L242.7 256 73.4 86.6c-12.5-12.5-12.5-32.8 0-45.3s32.8-12.5 45.3 0l192 192z"
                      />
                    </svg>
                  </span>
                </div>
              </a>
            </div>
          </div>
          <div
            class="unit__content flex flex-col flex-1 max-w-[680px] mx-auto gap-6 px-0 md:px-spacing-x md:ml-[320px]"
          >
            <div
              class="unit__title-container"
            >
              <p
                class="bluedot-p not-prose unit__course-title text-size-sm mb-2"
              >
                Unit 
                1
              </p>
              <h1
                class="bluedot-h1 not-prose unit__title font-serif text-[32px]"
              >
                What can AI do today?
              </h1>
            </div>
            <div
              class="markdown-extended-renderer prose prose-p:text-size-md prose-li:text-size-md prose-p:leading-normal prose-li:leading-normal max-w-none"
            />
            <div
              class="unit__cta-container flex flex-row justify-between mt-6 mx-1"
            >
              <button
                class="cta-button flex items-center justify-center rounded-sm transition-all duration-200 text-sm px-4 py-3 w-fit font-[650] whitespace-nowrap cursor-pointer not-prose cta-button--primary bg-bluedot-normal link-on-dark unit__cta-link ml-auto"
                type="button"
              >
                <span
                  class="cta-button__text"
                >
                  Complete and continue
                </span>
                <span
                  class="cta-button__chevron ml-3"
                >
                  <svg
                    class="cta-button__chevron-icon size-2"
                    fill="currentColor"
                    height="1em"
                    stroke="currentColor"
                    stroke-width="0"
                    viewBox="0 0 320 512"
                    width="1em"
                    xmlns="http://www.w3.org/2000/svg"
                  >
                    <path
                      d="M310.6 233.4c12.5 12.5 12.5 32.8 0 45.3l-192 192c-12.5 12.5-32.8 12.5-45.3 0s-12.5-32.8 0-45.3L242.7 256 73.4 86.6c-12.5-12.5-12.5-32.8 0-45.3s32.8-12.5 45.3 0l192 192z"
                    />
                  </svg>
                </span>
              </button>
            </div>
          </div>
        </div>
      </div>
    </section>
  </div>
</div>
`;

exports[`UnitLayout > renders previous and next unit buttons for middle unit 1`] = `
<button
  class="cta-button flex items-center justify-center rounded-sm transition-all duration-200 text-sm px-4 py-3 w-fit font-[650] whitespace-nowrap cursor-pointer not-prose cta-button--primary bg-bluedot-normal link-on-dark unit__cta-link ml-auto"
  type="button"
>
  <span
    class="cta-button__text"
  >
    Complete and continue
  </span>
  <span
    class="cta-button__chevron ml-3"
  >
    <svg
      class="cta-button__chevron-icon size-2"
      fill="currentColor"
      height="1em"
      stroke="currentColor"
      stroke-width="0"
      viewBox="0 0 320 512"
      width="1em"
      xmlns="http://www.w3.org/2000/svg"
    >
      <path
        d="M310.6 233.4c12.5 12.5 12.5 32.8 0 45.3l-192 192c-12.5 12.5-32.8 12.5-45.3 0s-12.5-32.8 0-45.3L242.7 256 73.4 86.6c-12.5-12.5-12.5-32.8 0-45.3s32.8-12.5 45.3 0l192 192z"
      />
    </svg>
  </span>
</button>
`;
