// Vitest Snapshot v1, https://vitest.dev/guide/snapshot.html

exports[`FAQSection > renders correctly 1`] = `
<script
  type="application/ld+json"
>
  {"@context":"https://schema.org","@type":"FAQPage","mainEntity":[{"@type":"Question","name":"How much technical background do I need?","acceptedAnswer":{"@type":"Answer","text":"You should understand the basics of how LLMs are trained."}},{"@type":"Question","name":"Do I need to take the AGI strategy course first?","acceptedAnswer":{"@type":"Answer","text":"It's not required, but strongly recommended."}},{"@type":"Question","name":"Who is BlueDot Impact?","acceptedAnswer":{"@type":"Answer","text":"We're a London-based startup focused on AI safety education."}}]}
</script>
`;
