// Vitest Snapshot v1, https://vitest.dev/guide/snapshot.html

exports[`CourseSection > renders as expected 1`] = `
<div>
  <section
    class="section section-body course-section"
  >
    <div
      class="section-heading__title-container flex justify-between items-center gap-space-between mb-6"
    >
      <div
        class="section-heading__content flex-1 flex flex-col gap-2"
      >
        <h2
          class="section-heading__title relative"
        >
          Our courses
        </h2>
        <p
          class="section-heading__subtitle text-bluedot-darker text-md"
        >
          Our courses combine self-paced study with guided discussions, deepening your learning while fostering connections in the field
        </p>
      </div>
    </div>
    <div
      class="section__body"
    >
      <div
        class="course-section__content flex flex-col lg:flex-row lg:[&>*]:[flex-basis:50%] gap-space-between items-stretch"
      >
        <span>
          <a
            class="course-card course-card--featured card flex flex-col items-start justify-between m-[3px] container-lined p-6 max-w-[700px] transition-transform duration-200 hover:scale-[1.01] hover:container-elevated course-section__featured"
            href="https://aisafetyfundamentals.com/intro-to-tai/"
          >
            <div
              class="course-card__content block md:flex gap-space-between w-full"
            >
              <div
                class="course-card__text"
              >
                <p
                  class="course-card__featured-label uppercase font-[650] text-xs mb-3"
                >
                  Featured course
                </p>
                <h3
                  class="course-card__title mb-6"
                >
                  AI Safety: Intro to Transformative AI
                </h3>
                <button
                  class="cta-button flex items-center justify-center rounded-radius-sm transition-all duration-200 text-sm px-4 py-3 w-fit font-[650] whitespace-nowrap cta-button--primary bg-bluedot-normal link-on-dark course-card__cta mb-6 px-6"
                  data-testid="cta-button"
                  type="button"
                >
                  <span
                    class="cta-button__text"
                  >
                    Apply now
                  </span>
                </button>
                <p
                  class="course-card__subtitle text-sm overflow-hidden text-bluedot-black text-ellipsis mb-6"
                >
                  The risks and opportunities of advanced AI are evolving at unprecedented speed—and so is the need for capable individuals to shape its trajectory. This intensive 5-day course is for those who want to rapidly develop their understanding of transformative AI and its impact on humanity.
                </p>
              </div>
              <div
                class="course-card__image-container shrink-0 md:max-w-[60%] w-fit mb-6"
              >
                <img
                  alt="AI Safety: Intro to Transformative AI"
                  class="course-card__image size-full object-cover"
                  src="/images/courses/intro.jpg"
                />
              </div>
            </div>
            <div
              class="course-card__footer flex justify-between w-full"
            >
              <p
                class="course-card__footer-left text-left text-xs text-bluedot-black"
              >
                <span
                  class="course-card__length font-medium"
                >
                  5 days
                </span>
              </p>
              <span
                class="tag container-lined inline-flex items-center px-4 py-2 text-xs font-semibold text-color-secondary-text course-card__type"
                role="status"
              >
                Crash course
              </span>
            </div>
          </a>
        </span>
        <div
          class="slide-list relative overflow-hidden flex flex-col gap-space-between course-section__carousel"
        >
          <div
            class="slide-list__gradient-wrapper relative flex-1"
          >
            <div
              class="slide-list__gradient-overlay absolute inset-0 pointer-events-none z-10 flex"
            >
              <div
                class="slide-list__gradient-left absolute inset-y-0 w-8 from-cream-normal to-transparent opacity-50 right-0 bg-linear-to-l"
              />
            </div>
            <div
              class="slide-list__slides flex flex-1 h-full items-stretch overflow-x-scroll gap-x-space-between gap-y-spacing-y scrollbar-hidden transition-transform duration-300 snap-x snap-mandatory"
              style="scroll-padding-inline: 0px;"
            >
              <div
                class="slide-list__slide shrink-0 snap-start"
                style="scroll-margin-left: -0px;"
              >
                <span>
                  <div
                    class="p-[3px] h-full"
                  >
                    <a
                      class="card flex flex-col items-start transition-transform duration-200 hover:scale-[1.01] course-card course-card--regular container-lined p-5 flex flex-col max-w-full h-full hover:container-elevated"
                      href="https://aisafetyfundamentals.com/economics-of-tai/"
                    >
                      <div
                        class="card__image-container w-full mb-4"
                      >
                        <img
                          alt="Economics of Transformative AI"
                          class="card__image w-full max-h-full object-cover rounded-radius-md course-card__image w-full h-[165px] object-cover rounded-none"
                          src="/images/courses/econ.jpg"
                        />
                      </div>
                      <div
                        class="card__content flex flex-col gap-6 w-full flex-1 justify-between"
                      >
                        <div
                          class="card__text"
                        >
                          <p
                            class="card__title subtitle-sm mb-2"
                          >
                            Economics of Transformative AI
                          </p>
                          <p
                            class="card__subtitle grow overflow-hidden text-ellipsis line-clamp-4 max-h-[96px]"
                          >
                            The risks and opportunities of advanced AI are evolving at unprecedented speed—and economists play a crucial role in shaping how society prepares for this transformation. This 9-week course is designed for economists who want to develop their understanding of transformative AI and its economic impacts.
                          </p>
                        </div>
                        <div
                          class="card__bottom-section flex flex-col gap-space-between"
                        >
                          <div
                            class="card__footer flex items-center justify-between w-full"
                          >
                            <div
                              class="course-card__footer flex justify-between w-full"
                            >
                              <p
                                class="course-card__footer-left text-left text-xs text-bluedot-black"
                              >
                                <span
                                  class="course-card__length font-medium"
                                >
                                  9 weeks
                                </span>
                              </p>
                              <span
                                class="tag container-lined inline-flex items-center px-4 py-2 text-xs font-semibold text-color-secondary-text course-card__type"
                                role="status"
                              >
                                In-depth course
                              </span>
                            </div>
                          </div>
                        </div>
                      </div>
                    </a>
                  </div>
                </span>
              </div>
              <div
                class="slide-list__slide shrink-0 snap-start"
                style="scroll-margin-left: -0px;"
              >
                <span>
                  <div
                    class="p-[3px] h-full"
                  >
                    <a
                      class="card flex flex-col items-start transition-transform duration-200 hover:scale-[1.01] course-card course-card--regular container-lined p-5 flex flex-col max-w-full h-full hover:container-elevated"
                      href="https://aisafetyfundamentals.com/alignment/"
                    >
                      <div
                        class="card__image-container w-full mb-4"
                      >
                        <img
                          alt="AI Alignment"
                          class="card__image w-full max-h-full object-cover rounded-radius-md course-card__image w-full h-[165px] object-cover rounded-none"
                          src="/images/courses/alignment.jpg"
                        />
                      </div>
                      <div
                        class="card__content flex flex-col gap-6 w-full flex-1 justify-between"
                      >
                        <div
                          class="card__text"
                        >
                          <p
                            class="card__title subtitle-sm mb-2"
                          >
                            AI Alignment
                          </p>
                          <p
                            class="card__subtitle grow overflow-hidden text-ellipsis line-clamp-4 max-h-[96px]"
                          >
                            AI systems are rapidly becoming more capable and more general. Despite AI's potential to radically improve human society, there are still open questions about how we build AI systems that are controllable, aligned with our intentions and interpretable.
                          </p>
                        </div>
                        <div
                          class="card__bottom-section flex flex-col gap-space-between"
                        >
                          <div
                            class="card__footer flex items-center justify-between w-full"
                          >
                            <div
                              class="course-card__footer flex justify-between w-full"
                            >
                              <p
                                class="course-card__footer-left text-left text-xs text-bluedot-black"
                              >
                                <span
                                  class="course-card__length font-medium"
                                >
                                  12 weeks
                                </span>
                              </p>
                              <span
                                class="tag container-lined inline-flex items-center px-4 py-2 text-xs font-semibold text-color-secondary-text course-card__type"
                                role="status"
                              >
                                In-depth course
                              </span>
                            </div>
                          </div>
                        </div>
                      </div>
                    </a>
                  </div>
                </span>
              </div>
              <div
                class="slide-list__slide shrink-0 snap-start"
                style="scroll-margin-left: -0px;"
              >
                <span>
                  <div
                    class="p-[3px] h-full"
                  >
                    <a
                      class="card flex flex-col items-start transition-transform duration-200 hover:scale-[1.01] course-card course-card--regular container-lined p-5 flex flex-col max-w-full h-full hover:container-elevated"
                      href="https://aisafetyfundamentals.com/governance/"
                    >
                      <div
                        class="card__image-container w-full mb-4"
                      >
                        <img
                          alt="AI Governance"
                          class="card__image w-full max-h-full object-cover rounded-radius-md course-card__image w-full h-[165px] object-cover rounded-none"
                          src="/images/courses/gov.jpg"
                        />
                      </div>
                      <div
                        class="card__content flex flex-col gap-6 w-full flex-1 justify-between"
                      >
                        <div
                          class="card__text"
                        >
                          <p
                            class="card__title subtitle-sm mb-2"
                          >
                            AI Governance
                          </p>
                          <p
                            class="card__subtitle grow overflow-hidden text-ellipsis line-clamp-4 max-h-[96px]"
                          >
                            The rise of any powerful technology demands a thoughtful approach to its governance and regulation. There has been increasing interest in how AI governance can and should mitigate extreme risks from AI, but it can be difficult to get up to speed on research and ideas in this area.
                          </p>
                        </div>
                        <div
                          class="card__bottom-section flex flex-col gap-space-between"
                        >
                          <div
                            class="card__footer flex items-center justify-between w-full"
                          >
                            <div
                              class="course-card__footer flex justify-between w-full"
                            >
                              <p
                                class="course-card__footer-left text-left text-xs text-bluedot-black"
                              >
                                <span
                                  class="course-card__length font-medium"
                                >
                                  12 weeks
                                </span>
                              </p>
                              <span
                                class="tag container-lined inline-flex items-center px-4 py-2 text-xs font-semibold text-color-secondary-text course-card__type"
                                role="status"
                              >
                                In-depth course
                              </span>
                            </div>
                          </div>
                        </div>
                      </div>
                    </a>
                  </div>
                </span>
              </div>
              <div
                class="slide-list__slide shrink-0 snap-start"
                style="scroll-margin-left: -0px;"
              >
                <span>
                  <div
                    class="p-[3px] h-full"
                  >
                    <a
                      class="card flex flex-col items-start transition-transform duration-200 hover:scale-[1.01] course-card course-card--regular container-lined p-5 flex flex-col max-w-full h-full hover:container-elevated"
                      href="https://aisafetyfundamentals.com/writing/"
                    >
                      <div
                        class="card__image-container w-full mb-4"
                      >
                        <img
                          alt="Writing Intensive"
                          class="card__image w-full max-h-full object-cover rounded-radius-md course-card__image w-full h-[165px] object-cover rounded-none"
                          src="/images/courses/writing.jpg"
                        />
                      </div>
                      <div
                        class="card__content flex flex-col gap-6 w-full flex-1 justify-between"
                      >
                        <div
                          class="card__text"
                        >
                          <p
                            class="card__title subtitle-sm mb-2"
                          >
                            Writing Intensive
                          </p>
                          <p
                            class="card__subtitle grow overflow-hidden text-ellipsis line-clamp-4 max-h-[96px]"
                          >
                            This is a 5-day intensive writing course where you\`ll transform your AI safety course learnings into a published article.
                          </p>
                        </div>
                        <div
                          class="card__bottom-section flex flex-col gap-space-between"
                        >
                          <div
                            class="card__footer flex items-center justify-between w-full"
                          >
                            <div
                              class="course-card__footer flex justify-between w-full"
                            >
                              <p
                                class="course-card__footer-left text-left text-xs text-bluedot-black"
                              >
                                <span
                                  class="course-card__length font-medium"
                                >
                                  5 days
                                </span>
                              </p>
                              <span
                                class="tag container-lined inline-flex items-center px-4 py-2 text-xs font-semibold text-color-secondary-text course-card__type"
                                role="status"
                              >
                                Crash course
                              </span>
                            </div>
                          </div>
                        </div>
                      </div>
                    </a>
                  </div>
                </span>
              </div>
              <div
                class="slide-list__slide shrink-0 snap-start"
                style="scroll-margin-left: -0px;"
              >
                <span>
                  <div
                    class="p-[3px] h-full"
                  >
                    <a
                      class="card flex flex-col items-start transition-transform duration-200 hover:scale-[1.01] course-card course-card--regular container-lined p-5 flex flex-col max-w-full h-full hover:container-elevated"
                      href="https://aisafetyfundamentals.com/economics-of-tai-fast-track/"
                    >
                      <div
                        class="card__image-container w-full mb-4"
                      >
                        <img
                          alt="Economics of Transformative AI Fast-Track"
                          class="card__image w-full max-h-full object-cover rounded-radius-md course-card__image w-full h-[165px] object-cover rounded-none"
                          src="/images/courses/econ-fasttrack.jpg"
                        />
                      </div>
                      <div
                        class="card__content flex flex-col gap-6 w-full flex-1 justify-between"
                      >
                        <div
                          class="card__text"
                        >
                          <p
                            class="card__title subtitle-sm mb-2"
                          >
                            Economics of Transformative AI Fast-Track
                          </p>
                          <p
                            class="card__subtitle grow overflow-hidden text-ellipsis line-clamp-4 max-h-[96px]"
                          >
                            The risks and opportunities of advanced AI are evolving at unprecedented speed—and economists play a crucial role in shaping how society prepares for this transformation. This 9-week course is designed for economists who want to develop their understanding of transformative AI and its economic impacts.
                          </p>
                        </div>
                        <div
                          class="card__bottom-section flex flex-col gap-space-between"
                        >
                          <div
                            class="card__footer flex items-center justify-between w-full"
                          >
                            <div
                              class="course-card__footer flex justify-between w-full"
                            >
                              <p
                                class="course-card__footer-left text-left text-xs text-bluedot-black"
                              >
                                <span
                                  class="course-card__length font-medium"
                                >
                                  5 days
                                </span>
                              </p>
                              <span
                                class="tag container-lined inline-flex items-center px-4 py-2 text-xs font-semibold text-color-secondary-text course-card__type"
                                role="status"
                              >
                                Crash course
                              </span>
                            </div>
                          </div>
                        </div>
                      </div>
                    </a>
                  </div>
                </span>
              </div>
              <div
                class="slide-list__slide shrink-0 snap-start"
                style="scroll-margin-left: -0px;"
              >
                <span>
                  <div
                    class="p-[3px] h-full"
                  >
                    <a
                      class="card flex flex-col items-start transition-transform duration-200 hover:scale-[1.01] course-card course-card--regular container-lined p-5 flex flex-col max-w-full h-full hover:container-elevated"
                      href="https://aisafetyfundamentals.com/alignment-fast-track/"
                    >
                      <div
                        class="card__image-container w-full mb-4"
                      >
                        <img
                          alt="Alignment Fast-Track"
                          class="card__image w-full max-h-full object-cover rounded-radius-md course-card__image w-full h-[165px] object-cover rounded-none"
                          src="/images/courses/alignment-fasttrack.jpg"
                        />
                      </div>
                      <div
                        class="card__content flex flex-col gap-6 w-full flex-1 justify-between"
                      >
                        <div
                          class="card__text"
                        >
                          <p
                            class="card__title subtitle-sm mb-2"
                          >
                            Alignment Fast-Track
                          </p>
                          <p
                            class="card__subtitle grow overflow-hidden text-ellipsis line-clamp-4 max-h-[96px]"
                          >
                            AI systems are rapidly becoming more capable and more general. Despite AI's potential to radically improve human society, there are still open questions about how we build AI systems that are controllable, aligned with our intentions and interpretable.
                          </p>
                        </div>
                        <div
                          class="card__bottom-section flex flex-col gap-space-between"
                        >
                          <div
                            class="card__footer flex items-center justify-between w-full"
                          >
                            <div
                              class="course-card__footer flex justify-between w-full"
                            >
                              <p
                                class="course-card__footer-left text-left text-xs text-bluedot-black"
                              >
                                <span
                                  class="course-card__length font-medium"
                                >
                                  5 days
                                </span>
                              </p>
                              <span
                                class="tag container-lined inline-flex items-center px-4 py-2 text-xs font-semibold text-color-secondary-text course-card__type"
                                role="status"
                              >
                                Crash course
                              </span>
                            </div>
                          </div>
                        </div>
                      </div>
                    </a>
                  </div>
                </span>
              </div>
              <div
                class="slide-list__slide shrink-0 snap-start"
                style="scroll-margin-left: -0px;"
              >
                <span>
                  <div
                    class="p-[3px] h-full"
                  >
                    <a
                      class="card flex flex-col items-start transition-transform duration-200 hover:scale-[1.01] course-card course-card--regular container-lined p-5 flex flex-col max-w-full h-full hover:container-elevated"
                      href="https://aisafetyfundamentals.com/governance-fast-track/"
                    >
                      <div
                        class="card__image-container w-full mb-4"
                      >
                        <img
                          alt="Governance Fast-Track"
                          class="card__image w-full max-h-full object-cover rounded-radius-md course-card__image w-full h-[165px] object-cover rounded-none"
                          src="/images/courses/gov-fasttrack.jpg"
                        />
                      </div>
                      <div
                        class="card__content flex flex-col gap-6 w-full flex-1 justify-between"
                      >
                        <div
                          class="card__text"
                        >
                          <p
                            class="card__title subtitle-sm mb-2"
                          >
                            Governance Fast-Track
                          </p>
                          <p
                            class="card__subtitle grow overflow-hidden text-ellipsis line-clamp-4 max-h-[96px]"
                          >
                            Despite AI's potential to radically improve human society, there are still active debates about how we will wield the AI systems of today and tomorrow. The rise of this powerful technology demands a thoughtful approach to its governance and regulation.
                          </p>
                        </div>
                        <div
                          class="card__bottom-section flex flex-col gap-space-between"
                        >
                          <div
                            class="card__footer flex items-center justify-between w-full"
                          >
                            <div
                              class="course-card__footer flex justify-between w-full"
                            >
                              <p
                                class="course-card__footer-left text-left text-xs text-bluedot-black"
                              >
                                <span
                                  class="course-card__length font-medium"
                                >
                                  5 days
                                </span>
                              </p>
                              <span
                                class="tag container-lined inline-flex items-center px-4 py-2 text-xs font-semibold text-color-secondary-text course-card__type"
                                role="status"
                              >
                                Crash course
                              </span>
                            </div>
                          </div>
                        </div>
                      </div>
                    </a>
                  </div>
                </span>
              </div>
            </div>
          </div>
          <div
            class="flex justify-between items-center gap-space-between"
          >
            <button
              aria-label="Previous slide"
              class="slide-list__nav-button p-3 border rounded-lg transition-colors border-charcoal-light text-black hover:bg-gray-50 hover:cursor-pointer active:bg-gray-100 disabled:opacity-50 disabled:cursor-not-allowed focus:outline-hidden focus:ring-2 focus:ring-bluedot-light"
              disabled=""
              type="button"
            >
              <svg
                class="slide-list__nav-icon size-5"
                fill="none"
                stroke="currentColor"
                viewBox="0 0 24 24"
              >
                <path
                  d="M15 19l-7-7 7-7"
                  stroke-linecap="round"
                  stroke-linejoin="round"
                  stroke-width="2"
                />
              </svg>
            </button>
            <div
              class="slide-list__progress w-full relative h-1"
            >
              <div
                class="slide-list__progress-track absolute h-px top-px w-full bg-color-divider"
              />
              <div
                class="slide-list__progress-track absolute h-full bg-bluedot-normal"
                style="width: 14.285714285714285%;"
              />
            </div>
            <button
              aria-label="Next slide"
              class="slide-list__nav-button p-3 border rounded-lg transition-colors border-charcoal-light text-black hover:bg-gray-50 hover:cursor-pointer active:bg-gray-100 disabled:opacity-50 disabled:cursor-not-allowed focus:outline-hidden focus:ring-2 focus:ring-bluedot-light"
              type="button"
            >
              <svg
                class="slide-list__nav-icon size-5"
                fill="none"
                stroke="currentColor"
                viewBox="0 0 24 24"
              >
                <path
                  d="M9 5l7 7-7 7"
                  stroke-linecap="round"
                  stroke-linejoin="round"
                  stroke-width="2"
                />
              </svg>
            </button>
          </div>
        </div>
      </div>
    </div>
  </section>
</div>
`;
